 serverplugin_empty

 Timestamp is 4ac00ca8 (Sun Sep 27 21:08:56 2009)

 Preferred load address is 10000000

 Start         Length     Name                   Class
 0001:00000000 0004ca30H .text                   CODE
 0001:0004ca30 00000f23H .text$x                 CODE
 0001:0004d960 00000377H .text$yc                CODE
 0001:0004dce0 0000011dH .text$yd                CODE
 0002:00000000 000001acH .idata$5                DATA
 0002:000001ac 00000004H .CRT$XCA                DATA
 0002:000001b0 0000000cH .CRT$XCC                DATA
 0002:000001bc 0000004cH .CRT$XCU                DATA
 0002:00000208 00000004H .CRT$XCZ                DATA
 0002:0000020c 00000004H .CRT$XIA                DATA
 0002:00000210 00000014H .CRT$XIC                DATA
 0002:00000224 00000004H .CRT$XID                DATA
 0002:00000228 00000004H .CRT$XIZ                DATA
 0002:0000022c 00000004H .CRT$XPA                DATA
 0002:00000230 00000004H .CRT$XPX                DATA
 0002:00000234 00000004H .CRT$XPXA               DATA
 0002:00000238 00000004H .CRT$XPZ                DATA
 0002:0000023c 00000004H .CRT$XTA                DATA
 0002:00000240 00000004H .CRT$XTZ                DATA
 0002:00000250 0000c0f8H .rdata                  DATA
 0002:0000c348 00000082H .rdata$debug            DATA
 0002:0000c3cc 00000d0cH .rdata$r                DATA
 0002:0000d0e0 00000138H .rdata$sxdata           DATA
 0002:0000d218 00000004H .rtc$IAA                DATA
 0002:0000d21c 00000004H .rtc$IZZ                DATA
 0002:0000d220 00000004H .rtc$TAA                DATA
 0002:0000d224 00000004H .rtc$TZZ                DATA
 0002:0000d228 00001c3cH .xdata$x                DATA
 0002:0000ee64 0000003cH .idata$2                DATA
 0002:0000eea0 00000014H .idata$3                DATA
 0002:0000eeb4 000001acH .idata$4                DATA
 0002:0000f060 000007b0H .idata$6                DATA
 0002:0000f810 00000059H .edata                  DATA
 0003:00000000 00002013H .data                   DATA
 0003:00002020 0000ceacH .bss                    DATA

  Address         Publics by Value              Rva+Base       Lib:Object

 0000:00000000       __except_list              00000000     <absolute>
 0000:0000004e       ___safe_se_handler_count   0000004e     <absolute>
 0000:00000000       ___ImageBase               10000000     <linker-defined>
 0001:00000000       ?strrchr@@YAPADPADH@Z      10001000 f i memoverride.obj
 0001:00000010       ?MakeModuleFileName@@YAPBDXZ 10001010 f   memoverride.obj
 0001:000001e0       _malloc                    100011e0 f   memoverride.obj
 0001:000001f0       _free                      100011f0 f   memoverride.obj
 0001:00000210       _realloc                   10001210 f   memoverride.obj
 0001:00000230       _calloc                    10001230 f   memoverride.obj
 0001:00000260       __malloc_base              10001260 f   memoverride.obj
 0001:00000270       __free_base                10001270 f   memoverride.obj
 0001:00000290       __realloc_base             10001290 f   memoverride.obj
 0001:000002b0       __realloc_crt              100012b0 f   memoverride.obj
 0001:000002d0       __recalloc_crt             100012d0 f   memoverride.obj
 0001:00000300       __recalloc                 10001300 f   memoverride.obj
 0001:00000330       __malloc_crt               10001330 f   memoverride.obj
 0001:00000340       __calloc_crt               10001340 f   memoverride.obj
 0001:00000370       __heapchk                  10001370 f   memoverride.obj
 0001:00000380       __heapmin                  10001380 f   memoverride.obj
 0001:00000390       __msize                    10001390 f   memoverride.obj
 0001:000003b0       _msize                     100013b0 f   memoverride.obj
 0001:000003d0       __heap_alloc               100013d0 f   memoverride.obj
 0001:000003e0       __nh_malloc                100013e0 f   memoverride.obj
 0001:000003f0       __expand                   100013f0 f   memoverride.obj
 0001:00000400       __get_sbh_threshold        10001400 f   memoverride.obj
 0001:00000410       __set_sbh_threshold        10001410 f   memoverride.obj
 0001:00000420       __heapadd                  10001420 f   memoverride.obj
 0001:00000430       __heapset                  10001430 f   memoverride.obj
 0001:00000440       __heapused                 10001440 f   memoverride.obj
 0001:00000450       __heapwalk                 10001450 f   memoverride.obj
 0001:00000460       _malloc_db                 10001460 f   memoverride.obj
 0001:00000480       _free_db                   10001480 f   memoverride.obj
 0001:000004a0       _realloc_db                100014a0 f   memoverride.obj
 0001:000004d0       __heap_init                100014d0 f   memoverride.obj
 0001:000004e0       __heap_term                100014e0 f   memoverride.obj
 0001:000004f0       ??2@YAPAXI@Z               100014f0 f   memoverride.obj
 0001:00000500       ??2@YAPAXIHPBDH@Z          10001500 f   memoverride.obj
 0001:00000520       ??3@YAXPAX@Z               10001520 f   memoverride.obj
 0001:00000540       ??_U@YAPAXI@Z              10001540 f   memoverride.obj
 0001:00000550       ??_U@YAPAXIHPBDH@Z         10001550 f   memoverride.obj
 0001:00000570       ??_V@YAXPAX@Z              10001570 f   memoverride.obj
 0001:00000590       ??0CAttibCRT@@QAE@H@Z      10001590 f i memoverride.obj
 0001:000005c0       ??1CAttibCRT@@QAE@XZ       100015c0 f i memoverride.obj
 0001:000005e0       __nh_malloc_dbg            100015e0 f   memoverride.obj
 0001:00000640       __malloc_dbg               10001640 f   memoverride.obj
 0001:000006a0       __calloc_dbg               100016a0 f   memoverride.obj
 0001:00000710       __realloc_dbg              10001710 f   memoverride.obj
 0001:00000770       __expand_dbg               10001770 f   memoverride.obj
 0001:00000780       __free_dbg                 10001780 f   memoverride.obj
 0001:000007d0       __msize_dbg                100017d0 f   memoverride.obj
 0001:000007f0       __aligned_malloc_base      100017f0 f   memoverride.obj
 0001:00000800       __aligned_realloc_base     10001800 f   memoverride.obj
 0001:00000820       __aligned_free_base        10001820 f   memoverride.obj
 0001:00000840       __aligned_malloc           10001840 f   memoverride.obj
 0001:00000850       __aligned_free             10001850 f   memoverride.obj
 0001:00000870       __aligned_realloc          10001870 f   memoverride.obj
 0001:00000890       __aligned_offset_malloc    10001890 f   memoverride.obj
 0001:000008a0       __aligned_offset_realloc   100018a0 f   memoverride.obj
 0001:000008c0       __CrtDumpMemoryLeaks       100018c0 f   memoverride.obj
 0001:000008d0       __CrtSetDumpClient         100018d0 f   memoverride.obj
 0001:000008e0       __CrtSetDbgFlag            100018e0 f   memoverride.obj
 0001:00000900       ___p__crtDbgFlag           10001900 f   memoverride.obj
 0001:00000910       ___p__crtBreakAlloc        10001910 f   memoverride.obj
 0001:00000920       __CrtSetDbgBlockType       10001920 f   memoverride.obj
 0001:00000930       __CrtSetAllocHook          10001930 f   memoverride.obj
 0001:00000940       __CrtSetBreakAlloc         10001940 f   memoverride.obj
 0001:00000960       __CrtIsValidHeapPointer    10001960 f   memoverride.obj
 0001:00000980       __CrtIsValidPointer        10001980 f   memoverride.obj
 0001:000009a0       __CrtCheckMemory           100019a0 f   memoverride.obj
 0001:000009b0       __CrtIsMemoryBlock         100019b0 f   memoverride.obj
 0001:000009c0       __CrtMemDifference         100019c0 f   memoverride.obj
 0001:000009d0       __CrtMemDumpStatistics     100019d0 f   memoverride.obj
 0001:000009e0       __CrtMemCheckpoint         100019e0 f   memoverride.obj
 0001:00000a00       __CrtMemDumpAllObjectsSince 10001a00 f   memoverride.obj
 0001:00000a10       __CrtDoForAllClientObjects 10001a10 f   memoverride.obj
 0001:00000a20       __CrtSetReportMode         10001a20 f   memoverride.obj
 0001:00000a40       __CrtSetReportFile         10001a40 f   memoverride.obj
 0001:00000a60       __CrtSetReportHook         10001a60 f   memoverride.obj
 0001:00000a80       __CrtDbgReport             10001a80 f   memoverride.obj
 0001:00000ad0       __CrtSetCheckCount         10001ad0 f   memoverride.obj
 0001:00000ae0       __CrtGetCheckCount         10001ae0 f   memoverride.obj
 0001:00000af0       __aligned_offset_recalloc_dbg 10001af0 f   memoverride.obj
 0001:00000b20       __aligned_recalloc         10001b20 f   memoverride.obj
 0001:00000b50       __aligned_recalloc_dbg     10001b50 f   memoverride.obj
 0001:00000b80       __aligned_offset_recalloc  10001b80 f   memoverride.obj
 0001:00000bb0       __recalloc_dbg             10001bb0 f   memoverride.obj
 0001:00000bc0       __CrtGetReportHook         10001bc0 f   memoverride.obj
 0001:00000bd0       __CrtDbgReportW            10001bd0 f   memoverride.obj
 0001:00000be0       __CrtReportBlockType       10001be0 f   memoverride.obj
 0001:00000bf0       __heap_alloc_base          10001bf0 f   memoverride.obj
 0001:00000c00       __heap_alloc_dbg           10001c00 f   memoverride.obj
 0001:00000c10       __free_nolock              10001c10 f   memoverride.obj
 0001:00000c30       __free_dbg_nolock          10001c30 f   memoverride.obj
 0001:00000c50       __CrtGetAllocHook          10001c50 f   memoverride.obj
 0001:00000c60       __CrtGetDumpClient         10001c60 f   memoverride.obj
 0001:00000c70       __aligned_malloc_dbg       10001c70 f   memoverride.obj
 0001:00000c80       __aligned_realloc_dbg      10001c80 f   memoverride.obj
 0001:00000ca0       __aligned_offset_malloc_dbg 10001ca0 f   memoverride.obj
 0001:00000cb0       __aligned_offset_malloc_base 10001cb0 f   memoverride.obj
 0001:00000cc0       __aligned_offset_realloc_dbg 10001cc0 f   memoverride.obj
 0001:00000ce0       __aligned_free_dbg         10001ce0 f   memoverride.obj
 0001:00000d00       __CrtSetDebugFillThreshold 10001d00 f   memoverride.obj
 0001:00000d10       __strdup                   10001d10 f   memoverride.obj
 0001:00000d20       __wcsdup_dbg               10001d20 f   memoverride.obj
 0001:00000d30       __wcsdup                   10001d30 f   memoverride.obj
 0001:00000d40       ??2@YAPAXIPAX@Z            10001d40 f i serverplugin_bot.obj
 0001:00000d50       ??3@YAXPAX0@Z              10001d50 f i serverplugin_bot.obj
 0001:00000d60       _fabsf                     10001d60 f i serverplugin_bot.obj
 0001:00000d70       ?fabs@@YAMM@Z              10001d70 f i serverplugin_bot.obj
 0001:00000d80       ?UtlMemory_CalcNewAllocationCount@@YAHHHHH@Z 10001d80 f i serverplugin_bot.obj
 0001:00000dc0       ?V_memset@@YAXPAXHH@Z      10001dc0 f i serverplugin_bot.obj
 0001:00000dd0       ?V_memmove@@YAXPAXPBXH@Z   10001dd0 f i serverplugin_bot.obj
 0001:00000de0       ?V_strlen@@YAHPBD@Z        10001de0 f i serverplugin_bot.obj
 0001:00000e00       ??0Vector2D@@QAE@MM@Z      10001e00 f i serverplugin_bot.obj
 0001:00000e20       ?LengthSqr@Vector@@QBEMXZ  10001e20 f i serverplugin_bot.obj
 0001:00000e50       ??0Vector@@QAE@XZ          10001e50 f i serverplugin_bot.obj
 0001:00000e60       ??0Vector@@QAE@MMM@Z       10001e60 f i serverplugin_bot.obj
 0001:00000e80       ?Random@Vector@@QAEXMM@Z   10001e80 f i serverplugin_bot.obj
 0001:00000f00       ??4Vector@@QAEAAV0@ABV0@@Z 10001f00 f i serverplugin_bot.obj
 0001:00000f20       ??XVector@@QAEAAV0@M@Z     10001f20 f i serverplugin_bot.obj
 0001:00000f50       ?VectorAdd@@YAXABVVector@@0AAV1@@Z 10001f50 f i serverplugin_bot.obj
 0001:00000f80       ?VectorSubtract@@YAXABVVector@@0AAV1@@Z 10001f80 f i serverplugin_bot.obj
 0001:00000fb0       ?VectorMultiply@@YAXABVVector@@MAAV1@@Z 10001fb0 f i serverplugin_bot.obj
 0001:00000fe0       ??_H@YGXPAXIHP6EPAX0@Z@Z   10001fe0 f i serverplugin_bot.obj
 0001:00001020       ??HVector@@QBE?AV0@ABV0@@Z 10002020 f i serverplugin_bot.obj
 0001:00001050       ??DVector@@QBE?AV0@M@Z     10002050 f i serverplugin_bot.obj
 0001:00001080       ??0QAngle@@QAE@XZ          10002080 f i serverplugin_bot.obj
 0001:00001090       ??0QAngle@@QAE@MMM@Z       10002090 f i serverplugin_bot.obj
 0001:000010b0       ?Init@QAngle@@QAEXMMM@Z    100020b0 f i serverplugin_bot.obj
 0001:000010d0       ?RandomAngle@@YA?AVQAngle@@MM@Z 100020d0 f i serverplugin_bot.obj
 0001:00001110       ??4QAngle@@QAEAAV0@ABV0@@Z 10002110 f i serverplugin_bot.obj
 0001:00001130       ??AQAngle@@QAEAAMH@Z       10002130 f i serverplugin_bot.obj
 0001:00001140       ??YQAngle@@QAEAAV0@ABV0@@Z 10002140 f i serverplugin_bot.obj
 0001:00001170       ?GetFloat@ConVar@@QBEMXZ   10002170 f i serverplugin_bot.obj
 0001:00001180       ?GetInt@ConVar@@QBEHXZ     10002180 f i serverplugin_bot.obj
 0001:00001190       ?GetString@ConVar@@QBEPBDXZ 10002190 f i serverplugin_bot.obj
 0001:000011b0       ??0cplane_t@@QAE@XZ        100021b0 f i serverplugin_bot.obj
 0001:000011c0       ?Init@Ray_t@@QAEXABVVector@@000@Z 100021c0 f i serverplugin_bot.obj
 0001:00001310       ?IsFree@CBaseEdict@@QBE_NXZ 10002310 f i serverplugin_bot.obj
 0001:00001320       ?GetUnknown@CBaseEdict@@QAEPAVIServerUnknown@@XZ 10002320 f i serverplugin_bot.obj
 0001:00001330       ??1CBotCmd@@UAE@XZ         10002330 f i serverplugin_bot.obj
 0001:00001340       ?Reset@CBotCmd@@QAEXXZ     10002340 f i serverplugin_bot.obj
 0001:00001380       ??4CBotCmd@@QAEAAV0@ABV0@@Z 10002380 f i serverplugin_bot.obj
 0001:00001400       ??_GCBotCmd@@UAEPAXI@Z     10002400 f i serverplugin_bot.obj
 0001:00001400       ??_ECBotCmd@@UAEPAXI@Z     10002400 f i serverplugin_bot.obj
 0001:00001420       ??0CPluginBot@@QAE@XZ      10002420 f i serverplugin_bot.obj
 0001:00001440       ?Bot_RunMimicCommand@@YA_NAAVCBotCmd@@@Z 10002440 f   serverplugin_bot.obj
 0001:000014d0       ?Bot_UpdateStrafing@@YAXPAVCPluginBot@@AAVCBotCmd@@@Z 100024d0 f   serverplugin_bot.obj
 0001:00001570       ??0Ray_t@@QAE@XZ           10002570 f i serverplugin_bot.obj
 0001:00001580       ??0ITraceFilter@@QAE@XZ    10002580 f i serverplugin_bot.obj
 0001:00001590       ?Bot_HandleSendCmd@@YAXPAVCPluginBot@@@Z 10002590 f   serverplugin_bot.obj
 0001:00001610       ?Bot_SetForwardMovement@@YAXPAVCPluginBot@@AAVCBotCmd@@@Z 10002610 f   serverplugin_bot.obj
 0001:000016a0       ?Bot_HandleRespawn@@YAXPAVCPluginBot@@AAVCBotCmd@@@Z 100026a0 f   serverplugin_bot.obj
 0001:00001710       ?Count@?$CUtlVector@VCPluginBot@@V?$CUtlMemory@VCPluginBot@@@@@@QBEHXZ 10002710 f i serverplugin_bot.obj
 0001:00001720       ?Base@?$CUtlMemory@VCPluginBot@@@@QAEPAVCPluginBot@@XZ 10002720 f i serverplugin_bot.obj
 0001:00001730       ??$Destruct@VCPluginBot@@@@YAXPAVCPluginBot@@@Z 10002730 f i serverplugin_bot.obj
 0001:00001740       ?ValidateGrowSize@?$CUtlMemory@VCPluginBot@@@@IAEXXZ 10002740 f i serverplugin_bot.obj
 0001:00001750       ??$Construct@VCPluginBot@@@@YAXPAVCPluginBot@@@Z 10002750 f i serverplugin_bot.obj
 0001:00001770       ?NumAllocated@?$CUtlMemory@VCPluginBot@@@@QBEHXZ 10002770 f i serverplugin_bot.obj
 0001:00001780       ?IsExternallyAllocated@?$CUtlMemory@VCPluginBot@@@@QBE_NXZ 10002780 f i serverplugin_bot.obj
 0001:00001790       ?GetBool@ConVar@@QBE_NXZ   10002790 f i serverplugin_bot.obj
 0001:000017a0       ??0CBaseTrace@@QAE@XZ      100027a0 f i serverplugin_bot.obj
 0001:000017b0       ??0CGameTrace@@QAE@XZ      100027b0 f i serverplugin_bot.obj
 0001:000017c0       ??0CBotCmd@@QAE@XZ         100027c0 f i serverplugin_bot.obj
 0001:00001810       ??0CTraceFilterWorldAndPropsOnly@@QAE@XZ 10002810 f i serverplugin_bot.obj
 0001:00001820       ?ShouldHitEntity@CTraceFilterWorldAndPropsOnly@@UAE_NPAVIHandleEntity@@H@Z 10002820 f i serverplugin_bot.obj
 0001:00001830       ?GetTraceType@CTraceFilterWorldAndPropsOnly@@UBE?AW4TraceType_t@@XZ 10002830 f i serverplugin_bot.obj
 0001:00001840       ?Bot_FlipOut@@YAXPAVCPluginBot@@AAVCBotCmd@@@Z 10002840 f   serverplugin_bot.obj
 0001:000019a0       ?Bot_ForceFireWeapon@@YAXPAVCPluginBot@@AAVCBotCmd@@@Z 100029a0 f   serverplugin_bot.obj
 0001:00001a70       ?Base@?$CUtlVector@VCPluginBot@@V?$CUtlMemory@VCPluginBot@@@@@@QAEPAVCPluginBot@@XZ 10002a70 f i serverplugin_bot.obj
 0001:00001a80       ?ResetDbgInfo@?$CUtlVector@VCPluginBot@@V?$CUtlMemory@VCPluginBot@@@@@@IAEXXZ 10002a80 f i serverplugin_bot.obj
 0001:00001a90       ?Element@?$CUtlVector@VCPluginBot@@V?$CUtlMemory@VCPluginBot@@@@@@QAEAAVCPluginBot@@H@Z 10002a90 f i serverplugin_bot.obj
 0001:00001ab0       ?ShiftElementsLeft@?$CUtlVector@VCPluginBot@@V?$CUtlMemory@VCPluginBot@@@@@@IAEXHH@Z 10002ab0 f i serverplugin_bot.obj
 0001:00001b10       ??0?$CUtlMemory@VCPluginBot@@@@QAE@HH@Z 10002b10 f i serverplugin_bot.obj
 0001:00001b60       ?RemoveAll@?$CUtlVector@VCPluginBot@@V?$CUtlMemory@VCPluginBot@@@@@@QAEXXZ 10002b60 f i serverplugin_bot.obj
 0001:00001b70       ?ShiftElementsRight@?$CUtlVector@VCPluginBot@@V?$CUtlMemory@VCPluginBot@@@@@@IAEXHH@Z 10002b70 f i serverplugin_bot.obj
 0001:00001bd0       ?Purge@?$CUtlMemory@VCPluginBot@@@@QAEXXZ 10002bd0 f i serverplugin_bot.obj
 0001:00001c00       ?Grow@?$CUtlMemory@VCPluginBot@@@@QAEXH@Z 10002c00 f i serverplugin_bot.obj
 0001:00001c90       ?Bot_UpdateDirection@@YAXPAVCPluginBot@@@Z 10002c90 f   serverplugin_bot.obj
 0001:00001ef0       ?Bot_Think@@YAXPAVCPluginBot@@@Z 10002ef0 f   serverplugin_bot.obj
 0001:00002030       ??A?$CUtlVector@VCPluginBot@@V?$CUtlMemory@VCPluginBot@@@@@@QAEAAVCPluginBot@@H@Z 10003030 f i serverplugin_bot.obj
 0001:00002050       ?Remove@?$CUtlVector@VCPluginBot@@V?$CUtlMemory@VCPluginBot@@@@@@QAEXH@Z 10003050 f i serverplugin_bot.obj
 0001:000020a0       ?Purge@?$CUtlVector@VCPluginBot@@V?$CUtlMemory@VCPluginBot@@@@@@QAEXXZ 100030a0 f i serverplugin_bot.obj
 0001:000020f0       ??1?$CUtlMemory@VCPluginBot@@@@QAE@XZ 100030f0 f i serverplugin_bot.obj
 0001:00002120       ?GrowVector@?$CUtlVector@VCPluginBot@@V?$CUtlMemory@VCPluginBot@@@@@@IAEXH@Z 10003120 f i serverplugin_bot.obj
 0001:00002150       ?Bot_RunAll@@YAXXZ         10003150 f   serverplugin_bot.obj
 0001:000021f0       ??0?$CUtlVector@VCPluginBot@@V?$CUtlMemory@VCPluginBot@@@@@@QAE@HH@Z 100031f0 f i serverplugin_bot.obj
 0001:00002240       ??1?$CUtlVector@VCPluginBot@@V?$CUtlMemory@VCPluginBot@@@@@@QAE@XZ 10003240 f i serverplugin_bot.obj
 0001:000022d0       ?InsertBefore@?$CUtlVector@VCPluginBot@@V?$CUtlMemory@VCPluginBot@@@@@@QAEHH@Z 100032d0 f i serverplugin_bot.obj
 0001:00002360       ?AddToTail@?$CUtlVector@VCPluginBot@@V?$CUtlMemory@VCPluginBot@@@@@@QAEHXZ 10003360 f i serverplugin_bot.obj
 0001:00002370       ?BotAdd_f@@YAXXZ           10003370 f   serverplugin_bot.obj
 0001:00002420       ??0IConCommandBaseAccessor@@QAE@XZ 10003420 f i serverplugin_convar.obj
 0001:00002430       ?InitCVars@@YAXP6APAXPBDPAH@Z@Z 10003430 f   serverplugin_convar.obj
 0001:00002460       ??0CPluginConVarAccessor@@QAE@XZ 10003460 f i serverplugin_convar.obj
 0001:00002470       ?RegisterConCommandBase@CPluginConVarAccessor@@UAE_NPAVConCommandBase@@@Z 10003470 f i serverplugin_convar.obj
 0001:000024a0       ??0bad_alloc@std@@QAE@PBD@Z 100034a0 f i serverplugin_empty.obj
 0001:000024c0       ??1bad_alloc@std@@UAE@XZ   100034c0 f i serverplugin_empty.obj
 0001:000024d0       ??_Ebad_alloc@std@@UAEPAXI@Z 100034d0 f i serverplugin_empty.obj
 0001:000024d0       ??_Gbad_alloc@std@@UAEPAXI@Z 100034d0 f i serverplugin_empty.obj
 0001:00002500       ?assign@?$char_traits@D@std@@SAXAADABD@Z 10003500 f i serverplugin_empty.obj
 0001:00002510       ?length@?$char_traits@D@std@@SAIPBD@Z 10003510 f i serverplugin_empty.obj
 0001:00002530       ?_Copy_s@?$char_traits@D@std@@SAPADPADIPBDI@Z 10003530 f i serverplugin_empty.obj
 0001:00002560       ?_Move_s@?$char_traits@D@std@@SAPADPADIPBDI@Z 10003560 f i serverplugin_empty.obj
 0001:00002590       ?assign@?$char_traits@D@std@@SAPADPADID@Z 10003590 f i serverplugin_empty.obj
 0001:000025b0       ?to_int_type@?$char_traits@D@std@@SAHABD@Z 100035b0 f i serverplugin_empty.obj
 0001:000025c0       ?eq_int_type@?$char_traits@D@std@@SA_NABH0@Z 100035c0 f i serverplugin_empty.obj
 0001:000025e0       ?eof@?$char_traits@D@std@@SAHXZ 100035e0 f i serverplugin_empty.obj
 0001:000025f0       ??0_Iterator_base_secure@std@@QAE@XZ 100035f0 f i serverplugin_empty.obj
 0001:00002600       ?_Has_container@_Iterator_base_secure@std@@QBE_NXZ 10003600 f i serverplugin_empty.obj
 0001:00002610       ?_Getctype@_Locinfo@std@@QBE?AU_Ctypevec@@XZ 10003610 f i serverplugin_empty.obj
 0001:00002640       ?_Getcvt@_Locinfo@std@@QBE?AU_Cvtvec@@XZ 10003640 f i serverplugin_empty.obj
 0001:00002660       ??0id@locale@std@@QAE@I@Z  10003660 f i serverplugin_empty.obj
 0001:00002670       ??Bid@locale@std@@QAEIXZ   10003670 f i serverplugin_empty.obj
 0001:000026b0       ?_Incref@facet@locale@std@@QAEXXZ 100036b0 f i serverplugin_empty.obj
 0001:000026e0       ?_Decref@facet@locale@std@@QAEPAV123@XZ 100036e0 f i serverplugin_empty.obj
 0001:00002720       ?_Register@facet@locale@std@@QAEXXZ 10003720 f i serverplugin_empty.obj
 0001:00002730       ??1facet@locale@std@@UAE@XZ 10003730 f i serverplugin_empty.obj
 0001:00002740       ??0facet@locale@std@@IAE@I@Z 10003740 f i serverplugin_empty.obj
 0001:00002760       ??0locale@std@@QAE@XZ      10003760 f i serverplugin_empty.obj
 0001:000027a0       ??0locale@std@@QAE@ABV01@@Z 100037a0 f i serverplugin_empty.obj
 0001:000027e0       ??1locale@std@@QAE@XZ      100037e0 f i serverplugin_empty.obj
 0001:00002830       ?_Getfacet@locale@std@@QBEPBVfacet@12@I@Z 10003830 f i serverplugin_empty.obj
 0001:00002870       ??_Efacet@locale@std@@UAEPAXI@Z 10003870 f i serverplugin_empty.obj
 0001:00002870       ??_Gfacet@locale@std@@UAEPAXI@Z 10003870 f i serverplugin_empty.obj
 0001:00002890       ??0codecvt_base@std@@QAE@I@Z 10003890 f i serverplugin_empty.obj
 0001:000028b0       ?always_noconv@codecvt_base@std@@QBE_NXZ 100038b0 f i serverplugin_empty.obj
 0001:000028c0       ??1codecvt_base@std@@UAE@XZ 100038c0 f i serverplugin_empty.obj
 0001:000028d0       ?do_always_noconv@codecvt_base@std@@MBE_NXZ 100038d0 f i serverplugin_empty.obj
 0001:000028e0       ?do_max_length@codecvt_base@std@@MBEHXZ 100038e0 f i serverplugin_empty.obj
 0001:000028f0       ?do_encoding@codecvt_base@std@@MBEHXZ 100038f0 f i serverplugin_empty.obj
 0001:00002900       ??_Gcodecvt_base@std@@UAEPAXI@Z 10003900 f i serverplugin_empty.obj
 0001:00002900       ??_Ecodecvt_base@std@@UAEPAXI@Z 10003900 f i serverplugin_empty.obj
 0001:00002920       ??0ctype_base@std@@QAE@I@Z 10003920 f i serverplugin_empty.obj
 0001:00002940       ??1ctype_base@std@@UAE@XZ  10003940 f i serverplugin_empty.obj
 0001:00002950       ??_Gctype_base@std@@UAEPAXI@Z 10003950 f i serverplugin_empty.obj
 0001:00002950       ??_Ectype_base@std@@UAEPAXI@Z 10003950 f i serverplugin_empty.obj
 0001:00002970       ?widen@?$ctype@D@std@@QBEDD@Z 10003970 f i serverplugin_empty.obj
 0001:00002980       ?_Init@?$ctype@D@std@@IAEXABV_Locinfo@2@@Z 10003980 f i serverplugin_empty.obj
 0001:000029c0       ?rdstate@ios_base@std@@QBEHXZ 100039c0 f i serverplugin_empty.obj
 0001:000029d0       ?good@ios_base@std@@QBE_NXZ 100039d0 f i serverplugin_empty.obj
 0001:000029e0       ?fail@ios_base@std@@QBE_NXZ 100039e0 f i serverplugin_empty.obj
 0001:000029f0       ?flags@ios_base@std@@QBEHXZ 100039f0 f i serverplugin_empty.obj
 0001:00002a00       ?width@ios_base@std@@QBEHXZ 10003a00 f i serverplugin_empty.obj
 0001:00002a10       ?width@ios_base@std@@QAEHH@Z 10003a10 f i serverplugin_empty.obj
 0001:00002a20       ?getloc@ios_base@std@@QBE?AVlocale@2@XZ 10003a20 f i serverplugin_empty.obj
 0001:00002a60       ??1ios_base@std@@UAE@XZ    10003a60 f i serverplugin_empty.obj
 0001:00002a70       ??0ios_base@std@@IAE@XZ    10003a70 f i serverplugin_empty.obj
 0001:00002a80       ??_Gios_base@std@@UAEPAXI@Z 10003a80 f i serverplugin_empty.obj
 0001:00002a80       ??_Eios_base@std@@UAEPAXI@Z 10003a80 f i serverplugin_empty.obj
 0001:00002ab0       ?V_stricmp@@YAHPBD0@Z      10003ab0 f i serverplugin_empty.obj
 0001:00002ac0       ?SetColor@Color@@QAEXHHHH@Z 10003ac0 f i serverplugin_empty.obj
 0001:00002ae0       ??1IGameEventListener@@UAE@XZ 10003ae0 f i serverplugin_empty.obj
 0001:00002af0       ??_GIGameEventListener@@UAEPAXI@Z 10003af0 f i serverplugin_empty.obj
 0001:00002af0       ??_EIGameEventListener@@UAEPAXI@Z 10003af0 f i serverplugin_empty.obj
 0001:00002b10       ?FStrEq@@YA_NPBD0@Z        10003b10 f i serverplugin_empty.obj
 0001:00002b40       ??0IServerPluginCallbacks@@QAE@XZ 10003b40 f i serverplugin_empty.obj
 0001:00002b50       ??0IGameEventListener@@QAE@XZ 10003b50 f i serverplugin_empty.obj
 0001:00002b60       ??1WhoFragsServerPlugin@@UAE@XZ 10003b60 f   serverplugin_empty.obj
 0001:00002b70       ?GetCommandIndex@WhoFragsServerPlugin@@UAEHXZ 10003b70 f i serverplugin_empty.obj
 0001:00002b80       ?Load@WhoFragsServerPlugin@@UAE_NP6APAXPBDPAH@Z2@Z 10003b80 f   serverplugin_empty.obj
 0001:00002cb0       ?Unload@WhoFragsServerPlugin@@UAEXXZ 10003cb0 f   serverplugin_empty.obj
 0001:00002ce0       ?Pause@WhoFragsServerPlugin@@UAEXXZ 10003ce0 f   serverplugin_empty.obj
 0001:00002cf0       ?UnPause@WhoFragsServerPlugin@@UAEXXZ 10003cf0 f   serverplugin_empty.obj
 0001:00002d00       ?GetPluginDescription@WhoFragsServerPlugin@@UAEPBDXZ 10003d00 f   serverplugin_empty.obj
 0001:00002d10       ?LevelInit@WhoFragsServerPlugin@@UAEXPBD@Z 10003d10 f   serverplugin_empty.obj
 0001:00002d60       ?ServerActivate@WhoFragsServerPlugin@@UAEXPAUedict_t@@HH@Z 10003d60 f   serverplugin_empty.obj
 0001:00002d70       ?GameFrame@WhoFragsServerPlugin@@UAEX_N@Z 10003d70 f   serverplugin_empty.obj
 0001:00002d80       ?LevelShutdown@WhoFragsServerPlugin@@UAEXXZ 10003d80 f   serverplugin_empty.obj
 0001:00002db0       ?ClientActive@WhoFragsServerPlugin@@UAEXPAUedict_t@@@Z 10003db0 f   serverplugin_empty.obj
 0001:00002dc0       ?ClientDisconnect@WhoFragsServerPlugin@@UAEXPAUedict_t@@@Z 10003dc0 f   serverplugin_empty.obj
 0001:00002dd0       ?SetCommandClient@WhoFragsServerPlugin@@UAEXH@Z 10003dd0 f   serverplugin_empty.obj
 0001:00002de0       ?ClientSettingsChanged@WhoFragsServerPlugin@@UAEXPAUedict_t@@@Z 10003de0 f   serverplugin_empty.obj
 0001:00002ec0       ?ClientConnect@WhoFragsServerPlugin@@UAE?AW4PLUGIN_RESULT@@PA_NPAUedict_t@@PBD2PADH@Z 10003ec0 f   serverplugin_empty.obj
 0001:00002ed0       ?NetworkIDValidated@WhoFragsServerPlugin@@UAE?AW4PLUGIN_RESULT@@PBD0@Z 10003ed0 f   serverplugin_empty.obj
 0001:00002ee0       ?getIndexFromUserID@@YAHH@Z 10003ee0 f   serverplugin_empty.obj
 0001:00002f70       ?size@?$basic_string@DU?$char_traits@D@std@@V?$allocator@D@2@@std@@QBEIXZ 10003f70 f i serverplugin_empty.obj
 0001:00002f80       ??1?$basic_ostream@DU?$char_traits@D@std@@@std@@UAE@XZ 10003f80 f i serverplugin_empty.obj
 0001:00002f90       ??1?$basic_ios@DU?$char_traits@D@std@@@std@@UAE@XZ 10003f90 f i serverplugin_empty.obj
 0001:00002fa0       ?rdbuf@?$basic_ios@DU?$char_traits@D@std@@@std@@QBEPAV?$basic_streambuf@DU?$char_traits@D@std@@@2@XZ 10003fa0 f i serverplugin_empty.obj
 0001:00002fb0       ??_Glocale@std@@QAEPAXI@Z  10003fb0 f i serverplugin_empty.obj
 0001:00003020       ??_D?$basic_ostream@DU?$char_traits@D@std@@@std@@QAEXXZ 10004020 f i serverplugin_empty.obj
 0001:00003040       ?_Myptr@?$basic_string@DU?$char_traits@D@std@@V?$allocator@D@2@@std@@IBEPBDXZ 10004040 f i serverplugin_empty.obj
 0001:00003050       ??0?$allocator@D@std@@QAE@XZ 10004050 f i serverplugin_empty.obj
 0001:00003060       ?fill@?$basic_ios@DU?$char_traits@D@std@@@std@@QBEDXZ 10004060 f i serverplugin_empty.obj
 0001:00003070       ??0?$basic_ios@DU?$char_traits@D@std@@@std@@IAE@XZ 10004070 f i serverplugin_empty.obj
 0001:00003080       ??_E?$basic_ios@DU?$char_traits@D@std@@@std@@UAEPAXI@Z 10004080 f i serverplugin_empty.obj
 0001:00003080       ??_G?$basic_ios@DU?$char_traits@D@std@@@std@@UAEPAXI@Z 10004080 f i serverplugin_empty.obj
 0001:000030b0       ?pubsync@?$basic_streambuf@DU?$char_traits@D@std@@@std@@QAEHXZ 100040b0 f i serverplugin_empty.obj
 0001:000030c0       ?_Unlock@?$basic_streambuf@DU?$char_traits@D@std@@@std@@QAEXXZ 100040c0 f i serverplugin_empty.obj
 0001:000030d0       ?setg@?$basic_streambuf@DU?$char_traits@D@std@@@std@@IAEXPAD00@Z 100040d0 f i serverplugin_empty.obj
 0001:000030f0       ?_Pninc@?$basic_streambuf@DU?$char_traits@D@std@@@std@@IAEPADXZ 100040f0 f i serverplugin_empty.obj
 0001:00003100       ?_Pnavail@?$basic_streambuf@DU?$char_traits@D@std@@@std@@IBEHXZ 10004100 f i serverplugin_empty.obj
 0001:00003120       ??Bsentry@?$basic_ostream@DU?$char_traits@D@std@@@std@@QBE_NXZ 10004120 f i serverplugin_empty.obj
 0001:00003130       ?put@?$num_put@DV?$ostreambuf_iterator@DU?$char_traits@D@std@@@std@@@std@@QBE?AV?$ostreambuf_iterator@DU?$char_traits@D@std@@@2@V32@AAVios_base@2@DJ@Z 10004130 f i serverplugin_empty.obj
 0001:00003160       ?put@?$num_put@DV?$ostreambuf_iterator@DU?$char_traits@D@std@@@std@@@std@@QBE?AV?$ostreambuf_iterator@DU?$char_traits@D@std@@@2@V32@AAVios_base@2@DN@Z 10004160 f i serverplugin_empty.obj
 0001:000031a0       ??0?$ostreambuf_iterator@DU?$char_traits@D@std@@@std@@QAE@PAV?$basic_streambuf@DU?$char_traits@D@std@@@1@@Z 100041a0 f i serverplugin_empty.obj
 0001:000031b0       ?failed@?$ostreambuf_iterator@DU?$char_traits@D@std@@@std@@QBE_NXZ 100041b0 f i serverplugin_empty.obj
 0001:000031c0       ?_Myptr@?$basic_string@DU?$char_traits@D@std@@V?$allocator@D@2@@std@@IAEPADXZ 100041c0 f i serverplugin_empty.obj
 0001:000031d0       ??0?$allocator@D@std@@QAE@ABV01@@Z 100041d0 f i serverplugin_empty.obj
 0001:000031e0       ?deallocate@?$allocator@D@std@@QAEXPADI@Z 100041e0 f i serverplugin_empty.obj
 0001:000031f0       ?tie@?$basic_ios@DU?$char_traits@D@std@@@std@@QBEPAV?$basic_ostream@DU?$char_traits@D@std@@@2@XZ 100041f0 f i serverplugin_empty.obj
 0001:00003200       ?getloc@?$basic_streambuf@DU?$char_traits@D@std@@@std@@QBE?AVlocale@2@XZ 10004200 f i serverplugin_empty.obj
 0001:00003240       ?_Lock@?$basic_streambuf@DU?$char_traits@D@std@@@std@@QAEXXZ 10004240 f i serverplugin_empty.obj
 0001:00003250       ?_Init@?$basic_streambuf@DU?$char_traits@D@std@@@std@@IAEXPAPAD0PAH001@Z 10004250 f i serverplugin_empty.obj
 0001:00003280       ??0_Sentry_base@?$basic_ostream@DU?$char_traits@D@std@@@std@@QAE@AAV12@@Z 10004280 f i serverplugin_empty.obj
 0001:000032b0       ??1_Sentry_base@?$basic_ostream@DU?$char_traits@D@std@@@std@@QAE@XZ 100042b0 f i serverplugin_empty.obj
 0001:000032d0       ??D?$_String_const_iterator@DU?$char_traits@D@std@@V?$allocator@D@2@@std@@QBEABDXZ 100042d0 f i serverplugin_empty.obj
 0001:00003310       ?unshift@?$codecvt@DDH@std@@QBEHAAHPAD1AAPAD@Z 10004310 f i serverplugin_empty.obj
 0001:00003320       ?_Inside@?$basic_string@DU?$char_traits@D@std@@V?$allocator@D@2@@std@@IAE_NPBD@Z 10004320 f i serverplugin_empty.obj
 0001:00003360       ?setp@?$basic_streambuf@DU?$char_traits@D@std@@@std@@IAEXPAD0@Z 10004360 f i serverplugin_empty.obj
 0001:00003380       ??0?$_Ranit_base@DHPBDABDV_Iterator_base_secure@std@@@std@@QAE@XZ 10004380 f i serverplugin_empty.obj
 0001:00003390       ?max_size@?$allocator@D@std@@QBEIXZ 10004390 f i serverplugin_empty.obj
 0001:000033a0       ??$_Allocate@D@std@@YAPADIPAD@Z 100043a0 f i serverplugin_empty.obj
 0001:00003400       ??0bad_alloc@std@@QAE@ABV01@@Z 10004400 f i serverplugin_empty.obj
 0001:00003420       ?sputn@?$basic_streambuf@DU?$char_traits@D@std@@@std@@QAEHPBDH@Z 10004420 f i serverplugin_empty.obj
 0001:00003430       ?_Init@?$num_put@DV?$ostreambuf_iterator@DU?$char_traits@D@std@@@std@@@std@@IAEXABV_Locinfo@2@@Z 10004430 f i serverplugin_empty.obj
 0001:00003450       ?_Init@?$codecvt@DDH@std@@IAEXABV_Locinfo@2@@Z 10004450 f i serverplugin_empty.obj
 0001:00003460       ??$_Char_traits_cat@U?$char_traits@D@std@@@std@@YA?AU_Secure_char_traits_tag@0@XZ 10004460 f i serverplugin_empty.obj
 0001:00003470       ??$copy_s@U?$char_traits@D@std@@@_Traits_helper@std@@YAPADPADIPBDIU_Secure_char_traits_tag@1@@Z 10004470 f i serverplugin_empty.obj
 0001:000034a0       ??$move_s@U?$char_traits@D@std@@@_Traits_helper@std@@YAPADPADIPBDIU_Secure_char_traits_tag@1@@Z 100044a0 f i serverplugin_empty.obj
 0001:000034d0       ??0?$ctype@D@std@@QAE@ABV_Locinfo@1@I@Z 100044d0 f i serverplugin_empty.obj
 0001:00003510       ?_Tidy@?$ctype@D@std@@IAEXXZ 10004510 f i serverplugin_empty.obj
 0001:00003540       ?do_tolower@?$ctype@D@std@@MBEDD@Z 10004540 f i serverplugin_empty.obj
 0001:00003560       ?do_tolower@?$ctype@D@std@@MBEPBDPADPBD@Z 10004560 f i serverplugin_empty.obj
 0001:00003590       ?do_toupper@?$ctype@D@std@@MBEDD@Z 10004590 f i serverplugin_empty.obj
 0001:000035b0       ?do_toupper@?$ctype@D@std@@MBEPBDPADPBD@Z 100045b0 f i serverplugin_empty.obj
 0001:000035e0       ?do_widen@?$ctype@D@std@@MBEDD@Z 100045e0 f i serverplugin_empty.obj
 0001:000035f0       ?do_widen@?$ctype@D@std@@MBEPBDPBD0PAD@Z 100045f0 f i serverplugin_empty.obj
 0001:00003620       ?_Do_widen_s@?$ctype@D@std@@MBEPBDPBD0PADI@Z 10004620 f i serverplugin_empty.obj
 0001:00003660       ?do_narrow@?$ctype@D@std@@MBEDDD@Z 10004660 f i serverplugin_empty.obj
 0001:00003670       ?do_narrow@?$ctype@D@std@@MBEPBDPBD0DPAD@Z 10004670 f i serverplugin_empty.obj
 0001:000036a0       ?_Do_narrow_s@?$ctype@D@std@@MBEPBDPBD0DPADI@Z 100046a0 f i serverplugin_empty.obj
 0001:000036e0       ??1?$ctype@D@std@@MAE@XZ   100046e0 f i serverplugin_empty.obj
 0001:00003720       ??_G?$ctype@D@std@@MAEPAXI@Z 10004720 f i serverplugin_empty.obj
 0001:00003720       ??_E?$ctype@D@std@@MAEPAXI@Z 10004720 f i serverplugin_empty.obj
 0001:00003770       ??0Color@@QAE@HHHH@Z       10004770 f i serverplugin_empty.obj
 0001:00003790       ??0WhoFragsServerPlugin@@QAE@XZ 10004790 f   serverplugin_empty.obj
 0001:000037b0       ??_EWhoFragsServerPlugin@@W3AEPAXI@Z 100047b0 f i serverplugin_empty.obj
 0001:000037c0       ??_EWhoFragsServerPlugin@@UAEPAXI@Z 100047c0 f i serverplugin_empty.obj
 0001:000037c0       ??_GWhoFragsServerPlugin@@UAEPAXI@Z 100047c0 f i serverplugin_empty.obj
 0001:000037f0       ?ClientPutInServer@WhoFragsServerPlugin@@UAEXPAUedict_t@@PBD@Z 100047f0 f   serverplugin_empty.obj
 0001:000038e0       ?ClientCommand@WhoFragsServerPlugin@@UAE?AW4PLUGIN_RESULT@@PAUedict_t@@@Z 100048e0 f   serverplugin_empty.obj
 0001:00003c70       ??1?$basic_streambuf@DU?$char_traits@D@std@@@std@@UAE@XZ 10004c70 f i serverplugin_empty.obj
 0001:00003ce0       ?to_char_type@?$char_traits@D@std@@SADABH@Z 10004ce0 f i serverplugin_empty.obj
 0001:00003cf0       ?overflow@?$basic_streambuf@DU?$char_traits@D@std@@@std@@MAEHH@Z 10004cf0 f i serverplugin_empty.obj
 0001:00003d00       ?pbackfail@?$basic_streambuf@DU?$char_traits@D@std@@@std@@MAEHH@Z 10004d00 f i serverplugin_empty.obj
 0001:00003d10       ?showmanyc@?$basic_streambuf@DU?$char_traits@D@std@@@std@@MAEHXZ 10004d10 f i serverplugin_empty.obj
 0001:00003d20       ?underflow@?$basic_streambuf@DU?$char_traits@D@std@@@std@@MAEHXZ 10004d20 f i serverplugin_empty.obj
 0001:00003d30       ?xsgetn@?$basic_streambuf@DU?$char_traits@D@std@@@std@@MAEHPADH@Z 10004d30 f i serverplugin_empty.obj
 0001:00003d50       ?setbuf@?$basic_streambuf@DU?$char_traits@D@std@@@std@@MAEPAV12@PADH@Z 10004d50 f i serverplugin_empty.obj
 0001:00003d60       ?sync@?$basic_streambuf@DU?$char_traits@D@std@@@std@@MAEHXZ 10004d60 f i serverplugin_empty.obj
 0001:00003d70       ?imbue@?$basic_streambuf@DU?$char_traits@D@std@@@std@@MAEXABVlocale@2@@Z 10004d70 f i serverplugin_empty.obj
 0001:00003d80       ?gptr@?$basic_streambuf@DU?$char_traits@D@std@@@std@@IBEPADXZ 10004d80 f i serverplugin_empty.obj
 0001:00003d90       ?pptr@?$basic_streambuf@DU?$char_traits@D@std@@@std@@IBEPADXZ 10004d90 f i serverplugin_empty.obj
 0001:00003da0       ?gbump@?$basic_streambuf@DU?$char_traits@D@std@@@std@@IAEXH@Z 10004da0 f i serverplugin_empty.obj
 0001:00003dc0       ?_Gninc@?$basic_streambuf@DU?$char_traits@D@std@@@std@@IAEPADXZ 10004dc0 f i serverplugin_empty.obj
 0001:00003dd0       ?_Gnavail@?$basic_streambuf@DU?$char_traits@D@std@@@std@@IBEHXZ 10004dd0 f i serverplugin_empty.obj
 0001:00003df0       ?pbump@?$basic_streambuf@DU?$char_traits@D@std@@@std@@IAEXH@Z 10004df0 f i serverplugin_empty.obj
 0001:00003e10       ??0?$fpos@H@std@@QAE@J@Z   10004e10 f i serverplugin_empty.obj
 0001:00003e30       ?uflow@?$basic_streambuf@DU?$char_traits@D@std@@@std@@MAEHXZ 10004e30 f i serverplugin_empty.obj
 0001:00003e60       ?seekoff@?$basic_streambuf@DU?$char_traits@D@std@@@std@@MAE?AV?$fpos@H@2@JHH@Z 10004e60 f i serverplugin_empty.obj
 0001:00003e80       ?seekpos@?$basic_streambuf@DU?$char_traits@D@std@@@std@@MAE?AV?$fpos@H@2@V32@H@Z 10004e80 f i serverplugin_empty.obj
 0001:00003ea0       ??_E?$basic_ostream@DU?$char_traits@D@std@@@std@@UAEPAXI@Z 10004ea0 f i serverplugin_empty.obj
 0001:00003ea0       ??_G?$basic_ostream@DU?$char_traits@D@std@@@std@@UAEPAXI@Z 10004ea0 f i serverplugin_empty.obj
 0001:00003ee0       ??_E?$basic_streambuf@DU?$char_traits@D@std@@@std@@UAEPAXI@Z 10004ee0 f i serverplugin_empty.obj
 0001:00003ee0       ??_G?$basic_streambuf@DU?$char_traits@D@std@@@std@@UAEPAXI@Z 10004ee0 f i serverplugin_empty.obj
 0001:00003f00       ??0?$_String_val@DV?$allocator@D@std@@@std@@IAE@V?$allocator@D@1@@Z 10004f00 f i serverplugin_empty.obj
 0001:00003f10       ??0?$_String_val@DV?$allocator@D@std@@@std@@QAE@ABV01@@Z 10004f10 f i serverplugin_empty.obj
 0001:00003f20       ?sputc@?$basic_streambuf@DU?$char_traits@D@std@@@std@@QAEHD@Z 10004f20 f i serverplugin_empty.obj
 0001:00003f60       ??D?$_String_iterator@DU?$char_traits@D@std@@V?$allocator@D@2@@std@@QBEAADXZ 10004f60 f i serverplugin_empty.obj
 0001:00003fa0       ?_Chassign@?$basic_string@DU?$char_traits@D@std@@V?$allocator@D@2@@std@@IAEXIID@Z 10004fa0 f i serverplugin_empty.obj
 0001:00004000       ?_Eos@?$basic_string@DU?$char_traits@D@std@@V?$allocator@D@2@@std@@IAEXI@Z 10005000 f i serverplugin_empty.obj
 0001:00004020       ?_Init@?$basic_streambuf@DU?$char_traits@D@std@@@std@@IAEXXZ 10005020 f i serverplugin_empty.obj
 0001:00004080       ?max_size@?$basic_string@DU?$char_traits@D@std@@V?$allocator@D@2@@std@@QBEIXZ 10005080 f i serverplugin_empty.obj
 0001:00004090       ??0?$_String_const_iterator@DU?$char_traits@D@std@@V?$allocator@D@2@@std@@QAE@PBDPBV_Container_base_secure@1@@Z 10005090 f i serverplugin_empty.obj
 0001:000040f0       ?allocate@?$allocator@D@std@@QAEPADI@Z 100050f0 f i serverplugin_empty.obj
 0001:00004110       ??$copy_s@U?$char_traits@D@std@@@_Traits_helper@std@@YAPADPADIPBDI@Z 10005110 f i serverplugin_empty.obj
 0001:00004140       ??$move_s@U?$char_traits@D@std@@@_Traits_helper@std@@YAPADPADIPBDI@Z 10005140 f i serverplugin_empty.obj
 0001:00004170       ??0?$num_put@DV?$ostreambuf_iterator@DU?$char_traits@D@std@@@std@@@std@@QAE@ABV_Locinfo@1@I@Z 10005170 f i serverplugin_empty.obj
 0001:000041a0       ?_Getlconv@_Locinfo@std@@QBEPBUlconv@@XZ 100051a0 f i serverplugin_empty.obj
 0001:000041b0       ?_Getfalse@_Locinfo@std@@QBEPBDXZ 100051b0 f i serverplugin_empty.obj
 0001:000041c0       ?_Gettrue@_Locinfo@std@@QBEPBDXZ 100051c0 f i serverplugin_empty.obj
 0001:000041d0       ?precision@ios_base@std@@QBEHXZ 100051d0 f i serverplugin_empty.obj
 0001:000041e0       ??1?$num_put@DV?$ostreambuf_iterator@DU?$char_traits@D@std@@@std@@@std@@MAE@XZ 100051e0 f i serverplugin_empty.obj
 0001:000041f0       ??_G?$num_put@DV?$ostreambuf_iterator@DU?$char_traits@D@std@@@std@@@std@@MAEPAXI@Z 100051f0 f i serverplugin_empty.obj
 0001:000041f0       ??_E?$num_put@DV?$ostreambuf_iterator@DU?$char_traits@D@std@@@std@@@std@@MAEPAXI@Z 100051f0 f i serverplugin_empty.obj
 0001:00004210       ?_Ffmt@?$num_put@DV?$ostreambuf_iterator@DU?$char_traits@D@std@@@std@@@std@@ABAPADPADDH@Z 10005210 f i serverplugin_empty.obj
 0001:00004290       ?_Ifmt@?$num_put@DV?$ostreambuf_iterator@DU?$char_traits@D@std@@@std@@@std@@ABAPADPADPBDH@Z 10005290 f i serverplugin_empty.obj
 0001:00004320       ??A?$basic_string@DU?$char_traits@D@std@@V?$allocator@D@2@@std@@QAEAADI@Z 10005320 f i serverplugin_empty.obj
 0001:00004350       ??D?$ostreambuf_iterator@DU?$char_traits@D@std@@@std@@QAEAAV01@XZ 10005350 f i serverplugin_empty.obj
 0001:00004360       ??E?$ostreambuf_iterator@DU?$char_traits@D@std@@@std@@QAEAAV01@XZ 10005360 f i serverplugin_empty.obj
 0001:00004370       ?decimal_point@?$numpunct@D@std@@QBEDXZ 10005370 f i serverplugin_empty.obj
 0001:00004380       ?thousands_sep@?$numpunct@D@std@@QBEDXZ 10005380 f i serverplugin_empty.obj
 0001:00004390       ?_Tidy@?$numpunct@D@std@@AAEXXZ 10005390 f i serverplugin_empty.obj
 0001:000043c0       ??$_Maklocchr@D@std@@YADDPADABU_Cvtvec@@@Z 100053c0 f i serverplugin_empty.obj
 0001:000043d0       ??$_Maklocstr@D@std@@YAPADPBDPADABU_Cvtvec@@@Z 100053d0 f i serverplugin_empty.obj
 0001:00004410       ?c_str@?$basic_string@DU?$char_traits@D@std@@V?$allocator@D@2@@std@@QBEPBDXZ 10005410 f i serverplugin_empty.obj
 0001:00004420       ??4?$ostreambuf_iterator@DU?$char_traits@D@std@@@std@@QAEAAV01@D@Z 10005420 f i serverplugin_empty.obj
 0001:00004470       ??0?$codecvt@DDH@std@@QAE@ABV_Locinfo@1@I@Z 10005470 f i serverplugin_empty.obj
 0001:00004490       ??1?$codecvt@DDH@std@@MAE@XZ 10005490 f i serverplugin_empty.obj
 0001:000044a0       ?do_in@?$codecvt@DDH@std@@MBEHAAHPBD1AAPBDPAD3AAPAD@Z 100054a0 f i serverplugin_empty.obj
 0001:000044c0       ?do_out@?$codecvt@DDH@std@@MBEHAAHPBD1AAPBDPAD3AAPAD@Z 100054c0 f i serverplugin_empty.obj
 0001:000044e0       ?do_unshift@?$codecvt@DDH@std@@MBEHAAHPAD1AAPAD@Z 100054e0 f i serverplugin_empty.obj
 0001:00004500       ?do_length@?$codecvt@DDH@std@@MBEHABHPBD1I@Z 10005500 f i serverplugin_empty.obj
 0001:00004520       ??_G?$codecvt@DDH@std@@MAEPAXI@Z 10005520 f i serverplugin_empty.obj
 0001:00004520       ??_E?$codecvt@DDH@std@@MAEPAXI@Z 10005520 f i serverplugin_empty.obj
 0001:00004540       ?_Init@?$numpunct@D@std@@IAEXABV_Locinfo@2@_N@Z 10005540 f i serverplugin_empty.obj
 0001:000046b0       ?_Xsgetn_s@?$basic_streambuf@DU?$char_traits@D@std@@@std@@MAEHPADIH@Z 100056b0 f i serverplugin_empty.obj
 0001:00004740       ?xsputn@?$basic_streambuf@DU?$char_traits@D@std@@@std@@MAEHPBDH@Z 10005740 f i serverplugin_empty.obj
 0001:000047d0       ?erase@?$basic_string@DU?$char_traits@D@std@@V?$allocator@D@2@@std@@QAEAAV12@II@Z 100057d0 f i serverplugin_empty.obj
 0001:00004860       ?_Tidy@?$basic_string@DU?$char_traits@D@std@@V?$allocator@D@2@@std@@IAEX_NI@Z 10005860 f i serverplugin_empty.obj
 0001:000048b0       ?_Init@?$basic_filebuf@DU?$char_traits@D@std@@@std@@IAEXPAU_iobuf@@W4_Initfl@12@@Z 100058b0 f i serverplugin_empty.obj
 0001:00004900       ?_Initcvt@?$basic_filebuf@DU?$char_traits@D@std@@@std@@IAEXPAV?$codecvt@DDH@2@@Z 10005900 f i serverplugin_empty.obj
 0001:00004930       ??0?$basic_streambuf@DU?$char_traits@D@std@@@std@@IAE@XZ 10005930 f i serverplugin_empty.obj
 0001:000049e0       ?_Put@?$num_put@DV?$ostreambuf_iterator@DU?$char_traits@D@std@@@std@@@std@@ABA?AV?$ostreambuf_iterator@DU?$char_traits@D@std@@@2@V32@PBDI@Z 100059e0 f i serverplugin_empty.obj
 0001:00004a50       ?_Rep@?$num_put@DV?$ostreambuf_iterator@DU?$char_traits@D@std@@@std@@@std@@ABA?AV?$ostreambuf_iterator@DU?$char_traits@D@std@@@2@V32@DI@Z 10005a50 f i serverplugin_empty.obj
 0001:00004ac0       ??0?$_String_iterator@DU?$char_traits@D@std@@V?$allocator@D@2@@std@@QAE@PADPBV_Container_base_secure@1@@Z 10005ac0 f i serverplugin_empty.obj
 0001:00004ae0       ?_Copy@?$basic_string@DU?$char_traits@D@std@@V?$allocator@D@2@@std@@IAEXII@Z 10005ae0 f i serverplugin_empty.obj
 0001:00004c20       ?_Putc@?$num_put@DV?$ostreambuf_iterator@DU?$char_traits@D@std@@@std@@@std@@ABA?AV?$ostreambuf_iterator@DU?$char_traits@D@std@@@2@V32@PBDI@Z 10005c20 f i serverplugin_empty.obj
 0001:00004c90       ?_Putgrouped@?$num_put@DV?$ostreambuf_iterator@DU?$char_traits@D@std@@@std@@@std@@ABA?AV?$ostreambuf_iterator@DU?$char_traits@D@std@@@2@V32@PBDID@Z 10005c90 f i serverplugin_empty.obj
 0001:00004d30       ??0?$numpunct@D@std@@QAE@ABV_Locinfo@1@I_N@Z 10005d30 f i serverplugin_empty.obj
 0001:00004da0       ?do_decimal_point@?$numpunct@D@std@@MBEDXZ 10005da0 f i serverplugin_empty.obj
 0001:00004db0       ?do_thousands_sep@?$numpunct@D@std@@MBEDXZ 10005db0 f i serverplugin_empty.obj
 0001:00004dc0       ??1?$numpunct@D@std@@MAE@XZ 10005dc0 f i serverplugin_empty.obj
 0001:00004df0       ??_G?$numpunct@D@std@@MAEPAXI@Z 10005df0 f i serverplugin_empty.obj
 0001:00004df0       ??_E?$numpunct@D@std@@MAEPAXI@Z 10005df0 f i serverplugin_empty.obj
 0001:00004e40       ??0?$basic_string@DU?$char_traits@D@std@@V?$allocator@D@2@@std@@QAE@XZ 10005e40 f i serverplugin_empty.obj
 0001:00004e60       ??1?$basic_string@DU?$char_traits@D@std@@V?$allocator@D@2@@std@@QAE@XZ 10005e60 f i serverplugin_empty.obj
 0001:00004e90       ?begin@?$basic_string@DU?$char_traits@D@std@@V?$allocator@D@2@@std@@QAE?AV?$_String_iterator@DU?$char_traits@D@std@@V?$allocator@D@2@@2@XZ 10005e90 f i serverplugin_empty.obj
 0001:00004ed0       ??0?$basic_filebuf@DU?$char_traits@D@std@@@std@@QAE@PAU_iobuf@@@Z 10005ed0 f i serverplugin_empty.obj
 0001:00004f30       ?not_eof@?$char_traits@D@std@@SAHABH@Z 10005f30 f i serverplugin_empty.obj
 0001:00004f40       ??$_Fgetc@D@std@@YA_NAADPAU_iobuf@@@Z 10005f40 f i serverplugin_empty.obj
 0001:00004f60       ??$_Fputc@D@std@@YA_NDPAU_iobuf@@@Z 10005f60 f i serverplugin_empty.obj
 0001:00004f80       ??$_Ungetc@D@std@@YA_NABDPAU_iobuf@@@Z 10005f80 f i serverplugin_empty.obj
 0001:00004fa0       ?sync@?$basic_filebuf@DU?$char_traits@D@std@@@std@@MAEHXZ 10005fa0 f i serverplugin_empty.obj
 0001:00004fd0       ?eback@?$basic_streambuf@DU?$char_traits@D@std@@@std@@IBEPADXZ 10005fd0 f i serverplugin_empty.obj
 0001:00004fe0       ?egptr@?$basic_streambuf@DU?$char_traits@D@std@@@std@@IBEPADXZ 10005fe0 f i serverplugin_empty.obj
 0001:00004ff0       ?epptr@?$basic_streambuf@DU?$char_traits@D@std@@@std@@IBEPADXZ 10005ff0 f i serverplugin_empty.obj
 0001:00005000       ?_Gndec@?$basic_streambuf@DU?$char_traits@D@std@@@std@@IAEPADXZ 10006000 f i serverplugin_empty.obj
 0001:00005010       ??0?$fpos@H@std@@QAE@H_J@Z 10006010 f i serverplugin_empty.obj
 0001:00005030       ?state@?$fpos@H@std@@QBEHXZ 10006030 f i serverplugin_empty.obj
 0001:00005040       ?seekpos@?$fpos@H@std@@QBE_JXZ 10006040 f i serverplugin_empty.obj
 0001:00005050       ??B?$fpos@H@std@@QBEJXZ    10006050 f i serverplugin_empty.obj
 0001:00005060       ?in@?$codecvt@DDH@std@@QBEHAAHPBD1AAPBDPAD3AAPAD@Z 10006060 f i serverplugin_empty.obj
 0001:00005070       ?out@?$codecvt@DDH@std@@QBEHAAHPBD1AAPBDPAD3AAPAD@Z 10006070 f i serverplugin_empty.obj
 0001:00005080       ?pbackfail@?$basic_filebuf@DU?$char_traits@D@std@@@std@@MAEHH@Z 10006080 f i serverplugin_empty.obj
 0001:000050f0       ?underflow@?$basic_filebuf@DU?$char_traits@D@std@@@std@@MAEHXZ 100060f0 f i serverplugin_empty.obj
 0001:00005140       ?setbuf@?$basic_filebuf@DU?$char_traits@D@std@@@std@@MAEPAV?$basic_streambuf@DU?$char_traits@D@std@@@2@PADH@Z 10006140 f i serverplugin_empty.obj
 0001:000051c0       ?_Grow@?$basic_string@DU?$char_traits@D@std@@V?$allocator@D@2@@std@@IAE_NI_N@Z 100061c0 f i serverplugin_empty.obj
 0001:00005280       ?falsename@?$numpunct@D@std@@QBE?AV?$basic_string@DU?$char_traits@D@std@@V?$allocator@D@2@@2@XZ 10006280 f i serverplugin_empty.obj
 0001:000052a0       ?truename@?$numpunct@D@std@@QBE?AV?$basic_string@DU?$char_traits@D@std@@V?$allocator@D@2@@2@XZ 100062a0 f i serverplugin_empty.obj
 0001:000052c0       ?insert@?$basic_string@DU?$char_traits@D@std@@V?$allocator@D@2@@std@@QAEAAV12@IID@Z 100062c0 f i serverplugin_empty.obj
 0001:000053c0       ?grouping@?$numpunct@D@std@@QBE?AV?$basic_string@DU?$char_traits@D@std@@V?$allocator@D@2@@2@XZ 100063c0 f i serverplugin_empty.obj
 0001:000053e0       ?append@?$basic_string@DU?$char_traits@D@std@@V?$allocator@D@2@@std@@QAEAAV12@ABV12@II@Z 100063e0 f i serverplugin_empty.obj
 0001:000054e0       ??1runtime_error@std@@UAE@XZ 100064e0 f i serverplugin_empty.obj
 0001:00005520       ?what@runtime_error@std@@UBEPBDXZ 10006520 f i serverplugin_empty.obj
 0001:00005530       ??_Eruntime_error@std@@UAEPAXI@Z 10006530 f i serverplugin_empty.obj
 0001:00005530       ??_Gruntime_error@std@@UAEPAXI@Z 10006530 f i serverplugin_empty.obj
 0001:00005580       ??0_Locinfo@std@@QAE@ABV?$basic_string@DU?$char_traits@D@std@@V?$allocator@D@2@@1@@Z 10006580 f i serverplugin_empty.obj
 0001:00005610       ??1_Locinfo@std@@QAE@XZ    10006610 f i serverplugin_empty.obj
 0001:000056f0       ?append@?$basic_string@DU?$char_traits@D@std@@V?$allocator@D@2@@std@@QAEAAV12@ID@Z 100066f0 f i serverplugin_empty.obj
 0001:000057a0       ?assign@?$basic_string@DU?$char_traits@D@std@@V?$allocator@D@2@@std@@QAEAAV12@ABV12@II@Z 100067a0 f i serverplugin_empty.obj
 0001:00005880       ?assign@?$basic_string@DU?$char_traits@D@std@@V?$allocator@D@2@@std@@QAEAAV12@ABV12@@Z 10006880 f i serverplugin_empty.obj
 0001:000058a0       ?assign@?$basic_string@DU?$char_traits@D@std@@V?$allocator@D@2@@std@@QAEAAV12@PBDI@Z 100068a0 f i serverplugin_empty.obj
 0001:00005980       ?assign@?$basic_string@DU?$char_traits@D@std@@V?$allocator@D@2@@std@@QAEAAV12@ID@Z 10006980 f i serverplugin_empty.obj
 0001:00005a10       ?append@?$basic_string@DU?$char_traits@D@std@@V?$allocator@D@2@@std@@QAEAAV12@PBDI@Z 10006a10 f i serverplugin_empty.obj
 0001:00005b20       ??0?$basic_string@DU?$char_traits@D@std@@V?$allocator@D@2@@std@@QAE@ABV01@@Z 10006b20 f i serverplugin_empty.obj
 0001:00005b50       ?uflow@?$basic_filebuf@DU?$char_traits@D@std@@@std@@MAEHXZ 10006b50 f i serverplugin_empty.obj
 0001:00005eb0       ??0?$basic_string@DU?$char_traits@D@std@@V?$allocator@D@2@@std@@QAE@ID@Z 10006eb0 f i serverplugin_empty.obj
 0001:00005ee0       ?assign@?$basic_string@DU?$char_traits@D@std@@V?$allocator@D@2@@std@@QAEAAV12@PBD@Z 10006ee0 f i serverplugin_empty.obj
 0001:00005f10       ?_Endwrite@?$basic_filebuf@DU?$char_traits@D@std@@@std@@IAE_NXZ 10006f10 f i serverplugin_empty.obj
 0001:00006230       ??0runtime_error@std@@QAE@ABV?$basic_string@DU?$char_traits@D@std@@V?$allocator@D@2@@1@@Z 10007230 f i serverplugin_empty.obj
 0001:000062a0       ?name@locale@std@@QBE?AV?$basic_string@DU?$char_traits@D@std@@V?$allocator@D@2@@2@XZ 100072a0 f i serverplugin_empty.obj
 0001:000062d0       ?_Getcat@?$ctype@D@std@@SAIPAPBVfacet@locale@2@PBV42@@Z 100072d0 f i serverplugin_empty.obj
 0001:000063d0       ??0failure@ios_base@std@@QAE@ABV?$basic_string@DU?$char_traits@D@std@@V?$allocator@D@2@@2@@Z 100073d0 f i serverplugin_empty.obj
 0001:000063f0       ??1failure@ios_base@std@@UAE@XZ 100073f0 f i serverplugin_empty.obj
 0001:00006430       ??_Gfailure@ios_base@std@@UAEPAXI@Z 10007430 f i serverplugin_empty.obj
 0001:00006430       ??_Efailure@ios_base@std@@UAEPAXI@Z 10007430 f i serverplugin_empty.obj
 0001:00006480       ??0?$basic_string@DU?$char_traits@D@std@@V?$allocator@D@2@@std@@QAE@PBD@Z 10007480 f i serverplugin_empty.obj
 0001:000064c0       ?overflow@?$basic_filebuf@DU?$char_traits@D@std@@@std@@MAEHH@Z 100074c0 f i serverplugin_empty.obj
 0001:00006890       ?seekoff@?$basic_filebuf@DU?$char_traits@D@std@@@std@@MAE?AV?$fpos@H@2@JHH@Z 10007890 f i serverplugin_empty.obj
 0001:00006970       ?seekpos@?$basic_filebuf@DU?$char_traits@D@std@@@std@@MAE?AV?$fpos@H@2@V32@H@Z 10007970 f i serverplugin_empty.obj
 0001:00006a60       ?close@?$basic_filebuf@DU?$char_traits@D@std@@@std@@QAEPAV12@XZ 10007a60 f i serverplugin_empty.obj
 0001:00006ab0       ?do_grouping@?$numpunct@D@std@@MBE?AV?$basic_string@DU?$char_traits@D@std@@V?$allocator@D@2@@2@XZ 10007ab0 f i serverplugin_empty.obj
 0001:00006b00       ?do_falsename@?$numpunct@D@std@@MBE?AV?$basic_string@DU?$char_traits@D@std@@V?$allocator@D@2@@2@XZ 10007b00 f i serverplugin_empty.obj
 0001:00006b50       ?do_truename@?$numpunct@D@std@@MBE?AV?$basic_string@DU?$char_traits@D@std@@V?$allocator@D@2@@2@XZ 10007b50 f i serverplugin_empty.obj
 0001:00006ba0       ??$use_facet@V?$ctype@D@std@@@std@@YAABV?$ctype@D@0@ABVlocale@0@@Z 10007ba0 f i serverplugin_empty.obj
 0001:00006cf0       ?_Getcat@?$num_put@DV?$ostreambuf_iterator@DU?$char_traits@D@std@@@std@@@std@@SAIPAPBVfacet@locale@2@PBV42@@Z 10007cf0 f i serverplugin_empty.obj
 0001:00006e00       ?_Getcat@?$codecvt@DDH@std@@SAIPAPBVfacet@locale@2@PBV42@@Z 10007e00 f i serverplugin_empty.obj
 0001:00006f00       ?_Getcat@?$numpunct@D@std@@SAIPAPBVfacet@locale@2@PBV42@@Z 10007f00 f i serverplugin_empty.obj
 0001:00007010       ?clear@ios_base@std@@QAEXH_N@Z 10008010 f i serverplugin_empty.obj
 0001:00007140       ??0runtime_error@std@@QAE@ABV01@@Z 10008140 f i serverplugin_empty.obj
 0001:000071c0       ??0failure@ios_base@std@@QAE@ABV012@@Z 100081c0 f i serverplugin_empty.obj
 0001:000071e0       ?clear@ios_base@std@@QAEXH@Z 100081e0 f i serverplugin_empty.obj
 0001:000071f0       ?_Init@ios_base@std@@IAEXXZ 100081f0 f i serverplugin_empty.obj
 0001:00007270       ??1?$basic_filebuf@DU?$char_traits@D@std@@@std@@UAE@XZ 10008270 f i serverplugin_empty.obj
 0001:000072e0       ??_G?$basic_filebuf@DU?$char_traits@D@std@@@std@@UAEPAXI@Z 100082e0 f i serverplugin_empty.obj
 0001:000072e0       ??_E?$basic_filebuf@DU?$char_traits@D@std@@@std@@UAEPAXI@Z 100082e0 f i serverplugin_empty.obj
 0001:00007300       ?clear@?$basic_ios@DU?$char_traits@D@std@@@std@@QAEXH_N@Z 10008300 f i serverplugin_empty.obj
 0001:00007320       ?widen@?$basic_ios@DU?$char_traits@D@std@@@std@@QBEDD@Z 10008320 f i serverplugin_empty.obj
 0001:000073e0       ??$use_facet@V?$num_put@DV?$ostreambuf_iterator@DU?$char_traits@D@std@@@std@@@std@@@std@@YAABV?$num_put@DV?$ostreambuf_iterator@DU?$char_traits@D@std@@@std@@@0@ABVlocale@0@@Z 100083e0 f i serverplugin_empty.obj
 0001:00007530       ??$use_facet@V?$codecvt@DDH@std@@@std@@YAABV?$codecvt@DDH@0@ABVlocale@0@@Z 10008530 f i serverplugin_empty.obj
 0001:00007680       ??$use_facet@V?$numpunct@D@std@@@std@@YAABV?$numpunct@D@0@ABVlocale@0@@Z 10008680 f i serverplugin_empty.obj
 0001:000077d0       ?setstate@?$basic_ios@DU?$char_traits@D@std@@@std@@QAEXH_N@Z 100087d0 f i serverplugin_empty.obj
 0001:00007800       ??1?$basic_ofstream@DU?$char_traits@D@std@@@std@@UAE@XZ 10008800 f i serverplugin_empty.obj
 0001:00007870       ?close@?$basic_ofstream@DU?$char_traits@D@std@@@std@@QAEXXZ 10008870 f i serverplugin_empty.obj
 0001:000078a0       ?imbue@?$basic_filebuf@DU?$char_traits@D@std@@@std@@MAEXABVlocale@2@@Z 100088a0 f i serverplugin_empty.obj
 0001:000078e0       ?open@?$basic_filebuf@DU?$char_traits@D@std@@@std@@QAEPAV12@PBDHH@Z 100088e0 f i serverplugin_empty.obj
 0001:00007a00       ?do_put@?$num_put@DV?$ostreambuf_iterator@DU?$char_traits@D@std@@@std@@@std@@MBE?AV?$ostreambuf_iterator@DU?$char_traits@D@std@@@2@V32@AAVios_base@2@D_N@Z 10008a00 f i serverplugin_empty.obj
 0001:00007c20       ?init@?$basic_ios@DU?$char_traits@D@std@@@std@@IAEXPAV?$basic_streambuf@DU?$char_traits@D@std@@@2@_N@Z 10008c20 f i serverplugin_empty.obj
 0001:00007c80       ?_Fput@?$num_put@DV?$ostreambuf_iterator@DU?$char_traits@D@std@@@std@@@std@@ABA?AV?$ostreambuf_iterator@DU?$char_traits@D@std@@@2@V32@AAVios_base@2@DPBDIIII@Z 10008c80 f i serverplugin_empty.obj
 0001:00008310       ?_Iput@?$num_put@DV?$ostreambuf_iterator@DU?$char_traits@D@std@@@std@@@std@@ABA?AV?$ostreambuf_iterator@DU?$char_traits@D@std@@@2@V32@AAVios_base@2@DPADI@Z 10009310 f i serverplugin_empty.obj
 0001:00008600       ??_D?$basic_ofstream@DU?$char_traits@D@std@@@std@@QAEXXZ 10009600 f i serverplugin_empty.obj
 0001:00008620       ?flush@?$basic_ostream@DU?$char_traits@D@std@@@std@@QAEAAV12@XZ 10009620 f i serverplugin_empty.obj
 0001:00008670       ?open@?$basic_ofstream@DU?$char_traits@D@std@@@std@@QAEXPBDHH@Z 10009670 f i serverplugin_empty.obj
 0001:000086c0       ??_G?$basic_ofstream@DU?$char_traits@D@std@@@std@@UAEPAXI@Z 100096c0 f i serverplugin_empty.obj
 0001:000086c0       ??_E?$basic_ofstream@DU?$char_traits@D@std@@@std@@UAEPAXI@Z 100096c0 f i serverplugin_empty.obj
 0001:00008700       ??0?$basic_ostream@DU?$char_traits@D@std@@@std@@QAE@PAV?$basic_streambuf@DU?$char_traits@D@std@@@1@_N@Z 10009700 f i serverplugin_empty.obj
 0001:00008790       ??0sentry@?$basic_ostream@DU?$char_traits@D@std@@@std@@QAE@AAV12@@Z 10009790 f i serverplugin_empty.obj
 0001:00008820       ?do_put@?$num_put@DV?$ostreambuf_iterator@DU?$char_traits@D@std@@@std@@@std@@MBE?AV?$ostreambuf_iterator@DU?$char_traits@D@std@@@2@V32@AAVios_base@2@DJ@Z 10009820 f i serverplugin_empty.obj
 0001:000088a0       ?do_put@?$num_put@DV?$ostreambuf_iterator@DU?$char_traits@D@std@@@std@@@std@@MBE?AV?$ostreambuf_iterator@DU?$char_traits@D@std@@@2@V32@AAVios_base@2@DK@Z 100098a0 f i serverplugin_empty.obj
 0001:00008920       ?do_put@?$num_put@DV?$ostreambuf_iterator@DU?$char_traits@D@std@@@std@@@std@@MBE?AV?$ostreambuf_iterator@DU?$char_traits@D@std@@@2@V32@AAVios_base@2@D_J@Z 10009920 f i serverplugin_empty.obj
 0001:000089b0       ?do_put@?$num_put@DV?$ostreambuf_iterator@DU?$char_traits@D@std@@@std@@@std@@MBE?AV?$ostreambuf_iterator@DU?$char_traits@D@std@@@2@V32@AAVios_base@2@D_K@Z 100099b0 f i serverplugin_empty.obj
 0001:00008a40       ?do_put@?$num_put@DV?$ostreambuf_iterator@DU?$char_traits@D@std@@@std@@@std@@MBE?AV?$ostreambuf_iterator@DU?$char_traits@D@std@@@2@V32@AAVios_base@2@DN@Z 10009a40 f i serverplugin_empty.obj
 0001:00008c30       ?do_put@?$num_put@DV?$ostreambuf_iterator@DU?$char_traits@D@std@@@std@@@std@@MBE?AV?$ostreambuf_iterator@DU?$char_traits@D@std@@@2@V32@AAVios_base@2@DO@Z 10009c30 f i serverplugin_empty.obj
 0001:00008e10       ?do_put@?$num_put@DV?$ostreambuf_iterator@DU?$char_traits@D@std@@@std@@@std@@MBE?AV?$ostreambuf_iterator@DU?$char_traits@D@std@@@2@V32@AAVios_base@2@DPBX@Z 10009e10 f i serverplugin_empty.obj
 0001:00008e80       ?_Osfx@?$basic_ostream@DU?$char_traits@D@std@@@std@@QAEXXZ 10009e80 f i serverplugin_empty.obj
 0001:00008ee0       ??0?$basic_ofstream@DU?$char_traits@D@std@@@std@@QAE@XZ 10009ee0 f i serverplugin_empty.obj
 0001:00008fe0       ??1sentry@?$basic_ostream@DU?$char_traits@D@std@@@std@@QAE@XZ 10009fe0 f i serverplugin_empty.obj
 0001:00009050       ??$?6U?$char_traits@D@std@@@std@@YAAAV?$basic_ostream@DU?$char_traits@D@std@@@0@AAV10@PBD@Z 1000a050 f i serverplugin_empty.obj
 0001:00009260       ??6?$basic_ostream@DU?$char_traits@D@std@@@std@@QAEAAV01@H@Z 1000a260 f i serverplugin_empty.obj
 0001:000093b0       ??6?$basic_ostream@DU?$char_traits@D@std@@@std@@QAEAAV01@M@Z 1000a3b0 f i serverplugin_empty.obj
 0001:00009500       ?FireGameEvent@WhoFragsServerPlugin@@UAEXPAVKeyValues@@@Z 1000a500 f   serverplugin_empty.obj
 0001:00009a1e       _GetModuleFileNameA@12     1000aa1e f   kernel32:KERNEL32.dll
 0001:00009a24       _VirtualQuery@12           1000aa24 f   kernel32:KERNEL32.dll
 0001:00009a2a       _HeapAlloc@12              1000aa2a f   kernel32:KERNEL32.dll
 0001:00009a30       _GetProcessHeap@0          1000aa30 f   kernel32:KERNEL32.dll
 0001:00009a40       _acosf                     1000aa40 f i mathlib:mathlib_base.obj
 0001:00009a60       _asinf                     1000aa60 f i mathlib:mathlib_base.obj
 0001:00009a80       _atan2f                    1000aa80 f i mathlib:mathlib_base.obj
 0001:00009aa0       _cosf                      1000aaa0 f i mathlib:mathlib_base.obj
 0001:00009ac0       _fmodf                     1000aac0 f i mathlib:mathlib_base.obj
 0001:00009ae0       _logf                      1000aae0 f i mathlib:mathlib_base.obj
 0001:00009b00       _powf                      1000ab00 f i mathlib:mathlib_base.obj
 0001:00009b20       _sinf                      1000ab20 f i mathlib:mathlib_base.obj
 0001:00009b40       _sqrtf                     1000ab40 f i mathlib:mathlib_base.obj
 0001:00009b60       ?acos@@YAMM@Z              1000ab60 f i mathlib:mathlib_base.obj
 0001:00009b80       ?asin@@YAMM@Z              1000ab80 f i mathlib:mathlib_base.obj
 0001:00009ba0       ?atan2@@YAMMM@Z            1000aba0 f i mathlib:mathlib_base.obj
 0001:00009bc0       ?log@@YAMM@Z               1000abc0 f i mathlib:mathlib_base.obj
 0001:00009be0       ?pow@@YAMMM@Z              1000abe0 f i mathlib:mathlib_base.obj
 0001:00009c00       ?sin@@YAMM@Z               1000ac00 f i mathlib:mathlib_base.obj
 0001:00009c20       ?sqrt@@YAMM@Z              1000ac20 f i mathlib:mathlib_base.obj
 0001:00009c40       ?FloatBits@@YAAAKAAM@Z     1000ac40 f i mathlib:mathlib_base.obj
 0001:00009c50       ?BitsToFloat@@YAMK@Z       1000ac50 f i mathlib:mathlib_base.obj
 0001:00009c60       ?FloatMakePositive@@YAMM@Z 1000ac60 f i mathlib:mathlib_base.obj
 0001:00009c80       ??0Vector2D@@QAE@XZ        1000ac80 f i mathlib:mathlib_base.obj
 0001:00009c90       ?Vector2DSubtract@@YAXABVVector2D@@0AAV1@@Z 1000ac90 f i mathlib:mathlib_base.obj
 0001:00009cb0       ?MulAdd@Vector2D@@QAEXABV1@0M@Z 1000acb0 f i mathlib:mathlib_base.obj
 0001:00009ce0       ?DotProduct2D@@YAMABVVector2D@@0@Z 1000ace0 f i mathlib:mathlib_base.obj
 0001:00009d00       ?Dot@Vector2D@@QBEMABV1@@Z 1000ad00 f i mathlib:mathlib_base.obj
 0001:00009d20       ?Vector2DLength@@YAMABVVector2D@@@Z 1000ad20 f i mathlib:mathlib_base.obj
 0001:00009d50       ?LengthSqr@Vector2D@@QBEMXZ 1000ad50 f i mathlib:mathlib_base.obj
 0001:00009d70       ?Length@Vector2D@@QBEMXZ   1000ad70 f i mathlib:mathlib_base.obj
 0001:00009da0       ?DistTo@Vector2D@@QBEMABV1@@Z 1000ada0 f i mathlib:mathlib_base.obj
 0001:00009df0       ?DistToSqr@Vector2D@@QBEMABV1@@Z 1000adf0 f i mathlib:mathlib_base.obj
 0001:00009e30       ?Init@Vector@@QAEXMMM@Z    1000ae30 f i mathlib:mathlib_base.obj
 0001:00009e50       ??AVector@@QAEAAMH@Z       1000ae50 f i mathlib:mathlib_base.obj
 0001:00009e60       ??AVector@@QBEMH@Z         1000ae60 f i mathlib:mathlib_base.obj
 0001:00009e70       ?VectorCopy@@YAXABVVector@@AAV1@@Z 1000ae70 f i mathlib:mathlib_base.obj
 0001:00009e90       ?VectorScale@@YAXABVVector@@MAAV1@@Z 1000ae90 f i mathlib:mathlib_base.obj
 0001:00009ec0       ?MulAdd@Vector@@QAEXABV1@0M@Z 1000aec0 f i mathlib:mathlib_base.obj
 0001:00009f00       ?VectorLerp@@YAXABVVector@@0MAAV1@@Z 1000af00 f i mathlib:mathlib_base.obj
 0001:00009f40       ?DotProduct@@YAMABVVector@@0@Z 1000af40 f i mathlib:mathlib_base.obj
 0001:00009f70       ?Dot@Vector@@QBEMABV1@@Z   1000af70 f i mathlib:mathlib_base.obj
 0001:00009fa0       ?CrossProduct@@YAXABVVector@@0AAV1@@Z 1000afa0 f i mathlib:mathlib_base.obj
 0001:00009fe0       ?DotProductAbs@@YAMABVVector@@PBM@Z 1000afe0 f i mathlib:mathlib_base.obj
 0001:0000a050       ?VectorLength@@YAMABVVector@@@Z 1000b050 f i mathlib:mathlib_base.obj
 0001:0000a090       ?Length@Vector@@QBEMXZ     1000b090 f i mathlib:mathlib_base.obj
 0001:0000a0c0       ?DistTo@Vector@@QBEMABV1@@Z 1000b0c0 f i mathlib:mathlib_base.obj
 0001:0000a120       ??0Quaternion@@QAE@XZ      1000b120 f i mathlib:mathlib_base.obj
 0001:0000a130       ??AQuaternion@@QAEAAMH@Z   1000b130 f i mathlib:mathlib_base.obj
 0001:0000a140       ??AQuaternion@@QBEMH@Z     1000b140 f i mathlib:mathlib_base.obj
 0001:0000a150       ??0RadianEuler@@QAE@XZ     1000b150 f i mathlib:mathlib_base.obj
 0001:0000a160       ?Init@RadianEuler@@QAEXMMM@Z 1000b160 f i mathlib:mathlib_base.obj
 0001:0000a180       ??AQAngle@@QBEMH@Z         1000b180 f i mathlib:mathlib_base.obj
 0001:0000a190       ?VectorNormalize@@YAMAAVVector@@@Z 1000b190 f i mathlib:mathlib_base.obj
 0001:0000a1a0       ?VectorNormalizeFast@@YAXAAVVector@@@Z 1000b1a0 f i mathlib:mathlib_base.obj
 0001:0000a1b0       ?GetPlane@Frustum_t@@QBEPBUcplane_t@@H@Z 1000b1b0 f i mathlib:mathlib_base.obj
 0001:0000a1c0       ??0matrix3x4_t@@QAE@XZ     1000b1c0 f i mathlib:mathlib_base.obj
 0001:0000a1d0       ??Amatrix3x4_t@@QAEPAMH@Z  1000b1d0 f i mathlib:mathlib_base.obj
 0001:0000a1e0       ??Amatrix3x4_t@@QBEPBMH@Z  1000b1e0 f i mathlib:mathlib_base.obj
 0001:0000a1f0       ?Base@matrix3x4_t@@QAEPAMXZ 1000b1f0 f i mathlib:mathlib_base.obj
 0001:0000a200       ?Base@matrix3x4_t@@QBEPBMXZ 1000b200 f i mathlib:mathlib_base.obj
 0001:0000a210       ?DotProduct@@YAMPBM0@Z     1000b210 f i mathlib:mathlib_base.obj
 0001:0000a240       ?VectorScale@@YAXPBMMPAM@Z 1000b240 f i mathlib:mathlib_base.obj
 0001:0000a270       ?SinCos@@YAXMPAM0@Z        1000b270 f i mathlib:mathlib_base.obj
 0001:0000a290       ?anglemod@@YAMM@Z          1000b290 f i mathlib:mathlib_base.obj
 0001:0000a2f0       ?TexLightToLinear@@YAMHH@Z 1000b2f0 f i mathlib:mathlib_base.obj
 0001:0000a310       ?RoundFloatToInt@@YAHM@Z   1000b310 f i mathlib:mathlib_base.obj
 0001:0000a320       ?Floor2Int@@YAHM@Z         1000b320 f i mathlib:mathlib_base.obj
 0001:0000a350       ?_sqrtf@@YAMM@Z            1000b350 f   mathlib:mathlib_base.obj
 0001:0000a370       ?_rsqrtf@@YAMM@Z           1000b370 f   mathlib:mathlib_base.obj
 0001:0000a390       ?_VectorNormalize@@YIMAAVVector@@@Z 1000b390 f   mathlib:mathlib_base.obj
 0001:0000a400       ?_VectorNormalizeFast@@YIXAAVVector@@@Z 1000b400 f   mathlib:mathlib_base.obj
 0001:0000a460       ?_InvRSquared@@YAMPBM@Z    1000b460 f   mathlib:mathlib_base.obj
 0001:0000a4b0       ?_3DNow_Sqrt@@YAMM@Z       1000b4b0 f   mathlib:mathlib_base.obj
 0001:0000a4e0       ?_3DNow_RSqrt@@YAMM@Z      1000b4e0 f   mathlib:mathlib_base.obj
 0001:0000a500       ?_3DNow_VectorNormalize@@YIMAAVVector@@@Z 1000b500 f   mathlib:mathlib_base.obj
 0001:0000a580       ?_3DNow_VectorNormalizeFast@@YIXAAVVector@@@Z 1000b580 f   mathlib:mathlib_base.obj
 0001:0000a590       ?_3DNow_InvRSquared@@YAMPBM@Z 1000b590 f   mathlib:mathlib_base.obj
 0001:0000a5d0       ?_SSE_Sqrt@@YAMM@Z         1000b5d0 f   mathlib:mathlib_base.obj
 0001:0000a5f0       ?_SSE_RSqrtAccurate@@YAMM@Z 1000b5f0 f i mathlib:mathlib_base.obj
 0001:0000a640       ?_SSE_RSqrtFast@@YAMM@Z    1000b640 f i mathlib:mathlib_base.obj
 0001:0000a660       ?_SSE_VectorNormalize@@YIMAAVVector@@@Z 1000b660 f   mathlib:mathlib_base.obj
 0001:0000a700       ?_SSE_VectorNormalizeFast@@YIXAAVVector@@@Z 1000b700 f   mathlib:mathlib_base.obj
 0001:0000a790       ?_SSE_InvRSquared@@YAMPBM@Z 1000b790 f   mathlib:mathlib_base.obj
 0001:0000a7d0       ?_SSE_SinCos@@YAXMPAM0@Z   1000b7d0 f   mathlib:mathlib_base.obj
 0001:0000a910       ?_SSE_cos@@YAMM@Z          1000b910 f   mathlib:mathlib_base.obj
 0001:0000a9e0       ?_SSE2_SinCos@@YAXMPAM0@Z  1000b9e0 f   mathlib:mathlib_base.obj
 0001:0000ab00       ?_SSE2_cos@@YAMM@Z         1000bb00 f   mathlib:mathlib_base.obj
 0001:0000abd0       ?InitSinCosTable@@YAXXZ    1000bbd0 f   mathlib:mathlib_base.obj
 0001:0000ac10       ?VectorsEqual@@YAHPBM0@Z   1000bc10 f   mathlib:mathlib_base.obj
 0001:0000ac50       ?LineSphereIntersection@@YAHABVVector@@M00PAM1@Z 1000bc50 f   mathlib:mathlib_base.obj
 0001:0000ad70       ?MatrixAngles@@YAXABUmatrix3x4_t@@PAM@Z 1000bd70 f   mathlib:mathlib_base.obj
 0001:0000aea0       ?VectorTransform@@YAXPBMABUmatrix3x4_t@@PAM@Z 1000bea0 f   mathlib:mathlib_base.obj
 0001:0000af20       ?VectorTransformSSE@@YAXPBMABUmatrix3x4_t@@PAM@Z 1000bf20 f   mathlib:mathlib_base.obj
 0001:0000afc0       ?VectorITransform@@YAXPBMABUmatrix3x4_t@@PAM@Z 1000bfc0 f   mathlib:mathlib_base.obj
 0001:0000b050       ?VectorRotate@@YAXPBMABUmatrix3x4_t@@PAM@Z 1000c050 f   mathlib:mathlib_base.obj
 0001:0000b0b0       ?VectorRotateSSE@@YAXPBMABUmatrix3x4_t@@PAM@Z 1000c0b0 f   mathlib:mathlib_base.obj
 0001:0000b140       ?TransformAndRotate@@YAXABVVector@@0ABUmatrix3x4_t@@AAV1@2@Z 1000c140 f   mathlib:mathlib_base.obj
 0001:0000b260       ?VectorIRotate@@YAXPBMABUmatrix3x4_t@@PAM@Z 1000c260 f   mathlib:mathlib_base.obj
 0001:0000b2c0       ?MatrixCopy@@YAXABUmatrix3x4_t@@AAU1@@Z 1000c2c0 f   mathlib:mathlib_base.obj
 0001:0000b2e0       ?MatrixGetColumn@@YAXABUmatrix3x4_t@@HAAVVector@@@Z 1000c2e0 f   mathlib:mathlib_base.obj
 0001:0000b300       ?MatrixSetColumn@@YAXABVVector@@HAAUmatrix3x4_t@@@Z 1000c300 f   mathlib:mathlib_base.obj
 0001:0000b320       ?VectorCompare@@YAHPBM0@Z  1000c320 f   mathlib:mathlib_base.obj
 0001:0000b360       ?VectorMA@@YAXPBMM0PAM@Z   1000c360 f   mathlib:mathlib_base.obj
 0001:0000b3a0       ?_SSE_VectorMA@@YAXPBMM0PAM@Z 1000c3a0 f   mathlib:mathlib_base.obj
 0001:0000b3d0       ?CrossProduct@@YAXPBM0PAM@Z 1000c3d0 f   mathlib:mathlib_base.obj
 0001:0000b410       ?Q_log2@@YAHH@Z            1000c410 f   mathlib:mathlib_base.obj
 0001:0000b430       ?VectorMatrix@@YAXABVVector@@AAUmatrix3x4_t@@@Z 1000c430 f   mathlib:mathlib_base.obj
 0001:0000b540       ?VectorVectors@@YAXABVVector@@AAV1@1@Z 1000c540 f   mathlib:mathlib_base.obj
 0001:0000b600       ?VectorAngles@@YAXPBMPAM@Z 1000c600 f   mathlib:mathlib_base.obj
 0001:0000b710       ?ConcatRotations@@YAXQAY02$$CBM0QAY02M@Z 1000c710 f   mathlib:mathlib_base.obj
 0001:0000b800       ?ConcatTransforms@@YAXABUmatrix3x4_t@@0AAU1@@Z 1000c800 f   mathlib:mathlib_base.obj
 0001:0000b9a0       ?FloorDivMod@@YAXNNPAH0@Z  1000c9a0 f   mathlib:mathlib_base.obj
 0001:0000bab0       ?GreatestCommonDivisor@@YAHHH@Z 1000cab0 f   mathlib:mathlib_base.obj
 0001:0000baf0       ?IsDenormal@@YA_NABM@Z     1000caf0 f   mathlib:mathlib_base.obj
 0001:0000bb10       ?SignbitsForPlane@@YAHPAUcplane_t@@@Z 1000cb10 f   mathlib:mathlib_base.obj
 0001:0000bb50       ?BoxOnPlaneSide@@YAHPBM0PBUcplane_t@@@Z 1000cb50 f   mathlib:mathlib_base.obj
 0001:0000bdb0       ?VectorMA@@YAXABVVector@@M0AAV1@@Z 1000cdb0 f   mathlib:mathlib_base.obj
 0001:0000bdf0       ?AngleVectors@@YAXABVQAngle@@PAVVector@@@Z 1000cdf0 f   mathlib:mathlib_base.obj
 0001:0000be80       ?AngleVectors@@YAXABVQAngle@@PAVVector@@11@Z 1000ce80 f   mathlib:mathlib_base.obj
 0001:0000bfe0       ?AngleVectorsTranspose@@YAXABVQAngle@@PAVVector@@11@Z 1000cfe0 f   mathlib:mathlib_base.obj
 0001:0000c130       ?VectorAngles@@YAXABVVector@@AAVQAngle@@@Z 1000d130 f   mathlib:mathlib_base.obj
 0001:0000c260       ?VectorAngles@@YAXABVVector@@0AAVQAngle@@@Z 1000d260 f   mathlib:mathlib_base.obj
 0001:0000c3b0       ?SetIdentityMatrix@@YAXAAUmatrix3x4_t@@@Z 1000d3b0 f   mathlib:mathlib_base.obj
 0001:0000c3d0       ?AngleMatrix@@YAXABVQAngle@@AAUmatrix3x4_t@@@Z 1000d3d0 f   mathlib:mathlib_base.obj
 0001:0000c510       ?AngleIMatrix@@YAXABVQAngle@@AAUmatrix3x4_t@@@Z 1000d510 f   mathlib:mathlib_base.obj
 0001:0000c650       ?SphereToAABBIntersection@@YA_NABVVector@@M00@Z 1000d650 f   mathlib:mathlib_base.obj
 0001:0000c740       ?ClearBounds@@YAXAAVVector@@0@Z 1000d740 f   mathlib:mathlib_base.obj
 0001:0000c770       ?AddPointToBounds@@YAXABVVector@@AAV1@1@Z 1000d770 f   mathlib:mathlib_base.obj
 0001:0000c810       ?GammaToLinearFullRange@@YAMM@Z 1000d810 f   mathlib:mathlib_base.obj
 0001:0000c830       ?LinearToGammaFullRange@@YAMM@Z 1000d830 f   mathlib:mathlib_base.obj
 0001:0000c850       ?GammaToLinear@@YAMM@Z     1000d850 f   mathlib:mathlib_base.obj
 0001:0000c8a0       ?LinearToGamma@@YAMM@Z     1000d8a0 f   mathlib:mathlib_base.obj
 0001:0000c8f0       ?TextureToLinear@@YAMH@Z   1000d8f0 f   mathlib:mathlib_base.obj
 0001:0000c910       ?LinearToTexture@@YAHM@Z   1000d910 f   mathlib:mathlib_base.obj
 0001:0000c950       ?LinearToScreenGamma@@YAHM@Z 1000d950 f   mathlib:mathlib_base.obj
 0001:0000c990       ?SolveQuadratic@@YA_NMMMAAM0@Z 1000d990 f   mathlib:mathlib_base.obj
 0001:0000ca60       ?SolveInverseQuadratic@@YA_NMMMMMMAAM00@Z 1000da60 f   mathlib:mathlib_base.obj
 0001:0000cb60       ?SolveInverseReciprocalQuadratic@@YA_NMMMMMMAAM00@Z 1000db60 f   mathlib:mathlib_base.obj
 0001:0000cc90       ?VectorYawRotate@@YAXABVVector@@MAAV1@@Z 1000dc90 f   mathlib:mathlib_base.obj
 0001:0000cd40       ?Bias@@YAMMM@Z             1000dd40 f   mathlib:mathlib_base.obj
 0001:0000cd90       ?Gain@@YAMMM@Z             1000dd90 f   mathlib:mathlib_base.obj
 0001:0000ce20       ?SmoothCurve@@YAMM@Z       1000de20 f   mathlib:mathlib_base.obj
 0001:0000ce50       ?MovePeak@@YAMMM@Z         1000de50 f i mathlib:mathlib_base.obj
 0001:0000cea0       ?SmoothCurve_Tweak@@YAMMMM@Z 1000dea0 f   mathlib:mathlib_base.obj
 0001:0000cf10       ?QuaternionAlign@@YAXABVQuaternion@@0AAV1@@Z 1000df10 f   mathlib:mathlib_base.obj
 0001:0000d000       ?QuaternionSlerpNoAlign@@YAXABVQuaternion@@0MAAV1@@Z 1000e000 f   mathlib:mathlib_base.obj
 0001:0000d1c0       ?QuaternionConjugate@@YAXABVQuaternion@@AAV1@@Z 1000e1c0 f   mathlib:mathlib_base.obj
 0001:0000d1f0       ?QuaternionNormalize@@YAMAAVQuaternion@@@Z 1000e1f0 f   mathlib:mathlib_base.obj
 0001:0000d270       ?QuaternionScale@@YAXABVQuaternion@@MAAV1@@Z 1000e270 f   mathlib:mathlib_base.obj
 0001:0000d370       ?QuaternionAdd@@YAXABVQuaternion@@0AAV1@@Z 1000e370 f   mathlib:mathlib_base.obj
 0001:0000d3c0       ?QuaternionDotProduct@@YAMABVQuaternion@@0@Z 1000e3c0 f   mathlib:mathlib_base.obj
 0001:0000d3f0       ?QuaternionMult@@YAXABVQuaternion@@0AAV1@@Z 1000e3f0 f   mathlib:mathlib_base.obj
 0001:0000d4e0       ?QuaternionMatrix@@YAXABVQuaternion@@AAUmatrix3x4_t@@@Z 1000e4e0 f   mathlib:mathlib_base.obj
 0001:0000d5b0       ?QuaternionAxisAngle@@YAXABVQuaternion@@AAVVector@@AAM@Z 1000e5b0 f   mathlib:mathlib_base.obj
 0001:0000d620       ?AxisAngleQuaternion@@YAXABVVector@@MAAVQuaternion@@@Z 1000e620 f   mathlib:mathlib_base.obj
 0001:0000d690       ?AngleQuaternion@@YAXABVRadianEuler@@AAVQuaternion@@@Z 1000e690 f   mathlib:mathlib_base.obj
 0001:0000d7b0       ?Spline_Normalize@@YAXABVVector@@000AAV1@1@Z 1000e7b0 f   mathlib:mathlib_base.obj
 0001:0000d8b0       ?Catmull_Rom_Spline@@YAXABVVector@@000MAAV1@@Z 1000e8b0 f   mathlib:mathlib_base.obj
 0001:0000dc10       ?Catmull_Rom_Spline_Tangent@@YAXABVVector@@000MAAV1@@Z 1000ec10 f   mathlib:mathlib_base.obj
 0001:0000df40       ?Catmull_Rom_Spline_Normalize@@YAXABVVector@@000MAAV1@@Z 1000ef40 f   mathlib:mathlib_base.obj
 0001:0000e010       ?Catmull_Rom_Spline_NormalizeX@@YAXABVVector@@000MAAV1@@Z 1000f010 f   mathlib:mathlib_base.obj
 0001:0000e070       ?Hermite_Spline@@YAXABVVector@@000MAAV1@@Z 1000f070 f   mathlib:mathlib_base.obj
 0001:0000e140       ?Hermite_Spline@@YAMMMMMM@Z 1000f140 f   mathlib:mathlib_base.obj
 0001:0000e1f0       ?Hermite_SplineBasis@@YAXMQAM@Z 1000f1f0 f   mathlib:mathlib_base.obj
 0001:0000e250       ?Hermite_Spline@@YAXABVVector@@00MAAV1@@Z 1000f250 f   mathlib:mathlib_base.obj
 0001:0000e2f0       ?Hermite_Spline@@YAMMMMM@Z 1000f2f0 f   mathlib:mathlib_base.obj
 0001:0000e340       ?Hermite_Spline@@YAXABVQuaternion@@00MAAV1@@Z 1000f340 f   mathlib:mathlib_base.obj
 0001:0000e4b0       ?Kochanek_Bartels_Spline@@YAXMMMABVVector@@000MAAV1@@Z 1000f4b0 f   mathlib:mathlib_base.obj
 0001:0000e930       ?Kochanek_Bartels_Spline_NormalizeX@@YAXMMMABVVector@@000MAAV1@@Z 1000f930 f   mathlib:mathlib_base.obj
 0001:0000e9a0       ?Cubic_Spline@@YAXABVVector@@000MAAV1@@Z 1000f9a0 f   mathlib:mathlib_base.obj
 0001:0000eb30       ?Cubic_Spline_NormalizeX@@YAXABVVector@@000MAAV1@@Z 1000fb30 f   mathlib:mathlib_base.obj
 0001:0000eb90       ?BSpline@@YAXABVVector@@000MAAV1@@Z 1000fb90 f   mathlib:mathlib_base.obj
 0001:0000ef50       ?BSpline_NormalizeX@@YAXABVVector@@000MAAV1@@Z 1000ff50 f   mathlib:mathlib_base.obj
 0001:0000efb0       ?Parabolic_Spline@@YAXABVVector@@000MAAV1@@Z 1000ffb0 f   mathlib:mathlib_base.obj
 0001:0000f1d0       ?Parabolic_Spline_NormalizeX@@YAXABVVector@@000MAAV1@@Z 100101d0 f   mathlib:mathlib_base.obj
 0001:0000f230       ?RangeCompressor@@YAMMMMM@Z 10010230 f   mathlib:mathlib_base.obj
 0001:0000f340       ?CalcSqrDistanceToAABB@@YAMABVVector@@00@Z 10010340 f   mathlib:mathlib_base.obj
 0001:0000f430       ?CalcClosestPointOnAABB@@YAXABVVector@@00AAV1@@Z 10010430 f   mathlib:mathlib_base.obj
 0001:0000f4d0       ?CalcClosestPointToLineT@@YAMABVVector@@00AAV1@@Z 100104d0 f   mathlib:mathlib_base.obj
 0001:0000f580       ?CalcClosestPointOnLine@@YAXABVVector@@00AAV1@PAM@Z 10010580 f   mathlib:mathlib_base.obj
 0001:0000f5e0       ?CalcDistanceToLine@@YAMABVVector@@00PAM@Z 100105e0 f   mathlib:mathlib_base.obj
 0001:0000f620       ?CalcClosestPointOnLineSegment@@YAXABVVector@@00AAV1@PAM@Z 10010620 f   mathlib:mathlib_base.obj
 0001:0000f6b0       ?CalcDistanceToLineSegment@@YAMABVVector@@00PAM@Z 100106b0 f   mathlib:mathlib_base.obj
 0001:0000f6f0       ?CalcClosestPointToLineT2D@@YAMABVVector2D@@00AAV1@@Z 100106f0 f   mathlib:mathlib_base.obj
 0001:0000f780       ?CalcClosestPointOnLine2D@@YAXABVVector2D@@00AAV1@PAM@Z 10010780 f   mathlib:mathlib_base.obj
 0001:0000f7d0       ?CalcDistanceToLine2D@@YAMABVVector2D@@00PAM@Z 100107d0 f   mathlib:mathlib_base.obj
 0001:0000f860       ?CalcDistanceSqrToLine2D@@YAMABVVector2D@@00PAM@Z 10010860 f   mathlib:mathlib_base.obj
 0001:0000f8e0       ?CalcClosestPointOnLineSegment2D@@YAXABVVector2D@@00AAV1@PAM@Z 100108e0 f   mathlib:mathlib_base.obj
 0001:0000f970       ?CalcDistanceToLineSegment2D@@YAMABVVector2D@@00PAM@Z 10010970 f   mathlib:mathlib_base.obj
 0001:0000f9e0       ?CalcDistanceSqrToLineSegment2D@@YAMABVVector2D@@00PAM@Z 100109e0 f   mathlib:mathlib_base.obj
 0001:0000fa40       ?CalcLineToLineIntersectionSegment@@YA_NABVVector@@000PAV1@1PAM2@Z 10010a40 f   mathlib:mathlib_base.obj
 0001:0000fcc0       ?MathLib_3DNowEnabled@@YA_NXZ 10010cc0 f   mathlib:mathlib_base.obj
 0001:0000fcd0       ?MathLib_MMXEnabled@@YA_NXZ 10010cd0 f   mathlib:mathlib_base.obj
 0001:0000fce0       ?MathLib_SSEEnabled@@YA_NXZ 10010ce0 f   mathlib:mathlib_base.obj
 0001:0000fcf0       ?MathLib_SSE2Enabled@@YA_NXZ 10010cf0 f   mathlib:mathlib_base.obj
 0001:0000fd00       ?Approach@@YAMMMM@Z        10010d00 f   mathlib:mathlib_base.obj
 0001:0000fd60       ?ApproachAngle@@YAMMMM@Z   10010d60 f   mathlib:mathlib_base.obj
 0001:0000fe60       ?AngleDiff@@YAMMM@Z        10010e60 f   mathlib:mathlib_base.obj
 0001:0000fee0       ?AngleDistance@@YAMMM@Z    10010ee0 f   mathlib:mathlib_base.obj
 0001:0000ff30       ?AngleNormalize@@YAMM@Z    10010f30 f   mathlib:mathlib_base.obj
 0001:0000ff90       ?AngleNormalizePositive@@YAMM@Z 10010f90 f   mathlib:mathlib_base.obj
 0001:0000ffd0       ?AnglesAreEqual@@YA_NMMM@Z 10010fd0 f   mathlib:mathlib_base.obj
 0001:00010010       ?ComputeTrianglePlane@@YAXABVVector@@00AAV1@AAM@Z 10011010 f   mathlib:mathlib_base.obj
 0001:000100d0       ?PolyFromPlane@@YAHPAVVector@@ABV1@MM@Z 100110d0 f   mathlib:mathlib_base.obj
 0001:00010390       ?ClipPolyToPlane@@YAHPAVVector@@H0ABV1@MM@Z 10011390 f   mathlib:mathlib_base.obj
 0001:000106c0       ?ClipPolyToPlane_Precise@@YAHPANH0PBNNN@Z 100116c0 f   mathlib:mathlib_base.obj
 0001:00010910       ?ColorRGBExp32ToVector@@YAXABUColorRGBExp32@@AAVVector@@@Z 10011910 f   mathlib:mathlib_base.obj
 0001:00010a20       ?CeilPow2@@YAHH@Z          10011a20 f   mathlib:mathlib_base.obj
 0001:00010a40       ?FloorPow2@@YAHH@Z         10011a40 f   mathlib:mathlib_base.obj
 0001:00010a60       ??$_Pow_int@M@@YAMMH@Z     10011a60 f i mathlib:mathlib_base.obj
 0001:00010ab0       ??$swap@M@@YAXAAM0@Z       10011ab0 f i mathlib:mathlib_base.obj
 0001:00010ad0       ?pow@@YAMMH@Z              10011ad0 f i mathlib:mathlib_base.obj
 0001:00010af0       ?DistToSqr@Vector@@QBEMABV1@@Z 10011af0 f i mathlib:mathlib_base.obj
 0001:00010b40       ?VectorRotate@@YAXABVVector@@ABUmatrix3x4_t@@AAV1@@Z 10011b40 f i mathlib:mathlib_base.obj
 0001:00010ba0       ?VectorIRotate@@YAXABVVector@@ABUmatrix3x4_t@@AAV1@@Z 10011ba0 f i mathlib:mathlib_base.obj
 0001:00010c00       ?MatrixAngles@@YAXABUmatrix3x4_t@@AAVQAngle@@@Z 10011c00 f i mathlib:mathlib_base.obj
 0001:00010c10       ?MatrixAngles@@YAXABUmatrix3x4_t@@AAVRadianEuler@@@Z 10011c10 f i mathlib:mathlib_base.obj
 0001:00010c60       ?VectorTransform@@YAXABVVector@@ABUmatrix3x4_t@@AAV1@@Z 10011c60 f i mathlib:mathlib_base.obj
 0001:00010c70       ?VectorITransform@@YAXABVVector@@ABUmatrix3x4_t@@AAV1@@Z 10011c70 f i mathlib:mathlib_base.obj
 0001:00010c80       ?BoxOnPlaneSide@@YAHABVVector@@0PBUcplane_t@@@Z 10011c80 f i mathlib:mathlib_base.obj
 0001:00010c90       ?MatrixAngles@@YAXABUmatrix3x4_t@@AAVRadianEuler@@AAVVector@@@Z 10011c90 f   mathlib:mathlib_base.obj
 0001:00010cf0       ?MatrixAngles@@YAXABUmatrix3x4_t@@AAVQuaternion@@AAVVector@@@Z 10011cf0 f   mathlib:mathlib_base.obj
[...]
 0001:0004cf00       __unwindfunclet$?_Getcat@?$numpunct@D@std@@SAIPAPBVfacet@locale@2@PBV42@@Z$2 1004df00 f   serverplugin_empty.obj
 0001:0004cf1f       __ehhandler$?_Getcat@?$numpunct@D@std@@SAIPAPBVfacet@locale@2@PBV42@@Z 1004df1f f   serverplugin_empty.obj
 0001:0004cf40       __unwindfunclet$?clear@ios_base@std@@QAEXH_N@Z$0 1004df40 f   serverplugin_empty.obj
 0001:0004cf48       __unwindfunclet$?clear@ios_base@std@@QAEXH_N@Z$1 1004df48 f   serverplugin_empty.obj
 0001:0004cf50       __unwindfunclet$?clear@ios_base@std@@QAEXH_N@Z$2 1004df50 f   serverplugin_empty.obj
 0001:0004cf58       __ehhandler$?clear@ios_base@std@@QAEXH_N@Z 1004df58 f   serverplugin_empty.obj
 0001:0004cf80       __unwindfunclet$??0runtime_error@std@@QAE@ABV01@@Z$0 1004df80 f   serverplugin_empty.obj
 0001:0004cf88       __ehhandler$??0runtime_error@std@@QAE@ABV01@@Z 1004df88 f   serverplugin_empty.obj
 0001:0004cfb0       __unwindfunclet$??1?$basic_filebuf@DU?$char_traits@D@std@@@std@@UAE@XZ$0 1004dfb0 f   serverplugin_empty.obj
 0001:0004cfb8       __ehhandler$??1?$basic_filebuf@DU?$char_traits@D@std@@@std@@UAE@XZ 1004dfb8 f   serverplugin_empty.obj
 0001:0004cfe0       __unwindfunclet$?widen@?$basic_ios@DU?$char_traits@D@std@@@std@@QBEDD@Z$0 1004dfe0 f   serverplugin_empty.obj
 0001:0004cfe8       __ehhandler$?widen@?$basic_ios@DU?$char_traits@D@std@@@std@@QBEDD@Z 1004dfe8 f   serverplugin_empty.obj
 0001:0004d010       __unwindfunclet$??$use_facet@V?$num_put@DV?$ostreambuf_iterator@DU?$char_traits@D@std@@@std@@@std@@@std@@YAABV?$num_put@DV?$ostreambuf_iterator@DU?$char_traits@D@std@@@std@@@0@ABVlocale@0@@Z$0 1004e010 f   serverplugin_empty.obj
 0001:0004d018       __ehhandler$??$use_facet@V?$num_put@DV?$ostreambuf_iterator@DU?$char_traits@D@std@@@std@@@std@@@std@@YAABV?$num_put@DV?$ostreambuf_iterator@DU?$char_traits@D@std@@@std@@@0@ABVlocale@0@@Z 1004e018 f   serverplugin_empty.obj
 0001:0004d040       __unwindfunclet$??$use_facet@V?$codecvt@DDH@std@@@std@@YAABV?$codecvt@DDH@0@ABVlocale@0@@Z$0 1004e040 f   serverplugin_empty.obj
 0001:0004d048       __ehhandler$??$use_facet@V?$codecvt@DDH@std@@@std@@YAABV?$codecvt@DDH@0@ABVlocale@0@@Z 1004e048 f   serverplugin_empty.obj
 0001:0004d070       __unwindfunclet$??$use_facet@V?$numpunct@D@std@@@std@@YAABV?$numpunct@D@0@ABVlocale@0@@Z$0 1004e070 f   serverplugin_empty.obj
 0001:0004d078       __ehhandler$??$use_facet@V?$numpunct@D@std@@@std@@YAABV?$numpunct@D@0@ABVlocale@0@@Z 1004e078 f   serverplugin_empty.obj
 0001:0004d0a0       __unwindfunclet$??1?$basic_ofstream@DU?$char_traits@D@std@@@std@@UAE@XZ$0 1004e0a0 f   serverplugin_empty.obj
 0001:0004d0ab       __ehhandler$??1?$basic_ofstream@DU?$char_traits@D@std@@@std@@UAE@XZ 1004e0ab f   serverplugin_empty.obj
 0001:0004d0d0       __unwindfunclet$?open@?$basic_filebuf@DU?$char_traits@D@std@@@std@@QAEPAV12@PBDHH@Z$0 1004e0d0 f   serverplugin_empty.obj
 0001:0004d0d8       __ehhandler$?open@?$basic_filebuf@DU?$char_traits@D@std@@@std@@QAEPAV12@PBDHH@Z 1004e0d8 f   serverplugin_empty.obj
 0001:0004d100       __unwindfunclet$?do_put@?$num_put@DV?$ostreambuf_iterator@DU?$char_traits@D@std@@@std@@@std@@MBE?AV?$ostreambuf_iterator@DU?$char_traits@D@std@@@2@V32@AAVios_base@2@D_N@Z$0 1004e100 f   serverplugin_empty.obj
 0001:0004d108       __unwindfunclet$?do_put@?$num_put@DV?$ostreambuf_iterator@DU?$char_traits@D@std@@@std@@@std@@MBE?AV?$ostreambuf_iterator@DU?$char_traits@D@std@@@2@V32@AAVios_base@2@D_N@Z$1 1004e108 f   serverplugin_empty.obj
 0001:0004d110       __unwindfunclet$?do_put@?$num_put@DV?$ostreambuf_iterator@DU?$char_traits@D@std@@@std@@@std@@MBE?AV?$ostreambuf_iterator@DU?$char_traits@D@std@@@2@V32@AAVios_base@2@D_N@Z$2 1004e110 f   serverplugin_empty.obj
 0001:0004d118       __unwindfunclet$?do_put@?$num_put@DV?$ostreambuf_iterator@DU?$char_traits@D@std@@@std@@@std@@MBE?AV?$ostreambuf_iterator@DU?$char_traits@D@std@@@2@V32@AAVios_base@2@D_N@Z$3 1004e118 f   serverplugin_empty.obj
 0001:0004d120       __ehhandler$?do_put@?$num_put@DV?$ostreambuf_iterator@DU?$char_traits@D@std@@@std@@@std@@MBE?AV?$ostreambuf_iterator@DU?$char_traits@D@std@@@2@V32@AAVios_base@2@D_N@Z 1004e120 f   serverplugin_empty.obj
 0001:0004d150       __unwindfunclet$?_Fput@?$num_put@DV?$ostreambuf_iterator@DU?$char_traits@D@std@@@std@@@std@@ABA?AV?$ostreambuf_iterator@DU?$char_traits@D@std@@@2@V32@AAVios_base@2@DPBDIIII@Z$0 1004e150 f   serverplugin_empty.obj
 0001:0004d158       __unwindfunclet$?_Fput@?$num_put@DV?$ostreambuf_iterator@DU?$char_traits@D@std@@@std@@@std@@ABA?AV?$ostreambuf_iterator@DU?$char_traits@D@std@@@2@V32@AAVios_base@2@DPBDIIII@Z$1 1004e158 f   serverplugin_empty.obj
 0001:0004d160       __unwindfunclet$?_Fput@?$num_put@DV?$ostreambuf_iterator@DU?$char_traits@D@std@@@std@@@std@@ABA?AV?$ostreambuf_iterator@DU?$char_traits@D@std@@@2@V32@AAVios_base@2@DPBDIIII@Z$2 1004e160 f   serverplugin_empty.obj
 0001:0004d168       __ehhandler$?_Fput@?$num_put@DV?$ostreambuf_iterator@DU?$char_traits@D@std@@@std@@@std@@ABA?AV?$ostreambuf_iterator@DU?$char_traits@D@std@@@2@V32@AAVios_base@2@DPBDIIII@Z 1004e168 f   serverplugin_empty.obj
 0001:0004d190       __unwindfunclet$?_Iput@?$num_put@DV?$ostreambuf_iterator@DU?$char_traits@D@std@@@std@@@std@@ABA?AV?$ostreambuf_iterator@DU?$char_traits@D@std@@@2@V32@AAVios_base@2@DPADI@Z$0 1004e190 f   serverplugin_empty.obj
 0001:0004d198       __unwindfunclet$?_Iput@?$num_put@DV?$ostreambuf_iterator@DU?$char_traits@D@std@@@std@@@std@@ABA?AV?$ostreambuf_iterator@DU?$char_traits@D@std@@@2@V32@AAVios_base@2@DPADI@Z$1 1004e198 f   serverplugin_empty.obj
 0001:0004d1a0       __ehhandler$?_Iput@?$num_put@DV?$ostreambuf_iterator@DU?$char_traits@D@std@@@std@@@std@@ABA?AV?$ostreambuf_iterator@DU?$char_traits@D@std@@@2@V32@AAVios_base@2@DPADI@Z 1004e1a0 f   serverplugin_empty.obj
 0001:0004d1d0       __unwindfunclet$??0?$basic_ostream@DU?$char_traits@D@std@@@std@@QAE@PAV?$basic_streambuf@DU?$char_traits@D@std@@@1@_N@Z$0 1004e1d0 f   serverplugin_empty.obj
 0001:0004d1ec       __ehhandler$??0?$basic_ostream@DU?$char_traits@D@std@@@std@@QAE@PAV?$basic_streambuf@DU?$char_traits@D@std@@@1@_N@Z 1004e1ec f   serverplugin_empty.obj
 0001:0004d210       __unwindfunclet$??0sentry@?$basic_ostream@DU?$char_traits@D@std@@@std@@QAE@AAV12@@Z$0 1004e210 f   serverplugin_empty.obj
 0001:0004d218       __ehhandler$??0sentry@?$basic_ostream@DU?$char_traits@D@std@@@std@@QAE@AAV12@@Z 1004e218 f   serverplugin_empty.obj
 0001:0004d240       __ehhandler$?_Osfx@?$basic_ostream@DU?$char_traits@D@std@@@std@@QAEXXZ 1004e240 f   serverplugin_empty.obj
 0001:0004d260       __unwindfunclet$??0?$basic_ofstream@DU?$char_traits@D@std@@@std@@QAE@XZ$0 1004e260 f   serverplugin_empty.obj
 0001:0004d27c       __unwindfunclet$??0?$basic_ofstream@DU?$char_traits@D@std@@@std@@QAE@XZ$1 1004e27c f   serverplugin_empty.obj
 0001:0004d287       __ehhandler$??0?$basic_ofstream@DU?$char_traits@D@std@@@std@@QAE@XZ 1004e287 f   serverplugin_empty.obj
 0001:0004d2b0       __unwindfunclet$??1sentry@?$basic_ostream@DU?$char_traits@D@std@@@std@@QAE@XZ$0 1004e2b0 f   serverplugin_empty.obj
 0001:0004d2b8       __ehhandler$??1sentry@?$basic_ostream@DU?$char_traits@D@std@@@std@@QAE@XZ 1004e2b8 f   serverplugin_empty.obj
 0001:0004d2e0       __unwindfunclet$??$?6U?$char_traits@D@std@@@std@@YAAAV?$basic_ostream@DU?$char_traits@D@std@@@0@AAV10@PBD@Z$2 1004e2e0 f   serverplugin_empty.obj
 0001:0004d2e8       __ehhandler$??$?6U?$char_traits@D@std@@@std@@YAAAV?$basic_ostream@DU?$char_traits@D@std@@@0@AAV10@PBD@Z 1004e2e8 f   serverplugin_empty.obj
 0001:0004d310       __unwindfunclet$??6?$basic_ostream@DU?$char_traits@D@std@@@std@@QAEAAV01@H@Z$2 1004e310 f   serverplugin_empty.obj
 0001:0004d318       __unwindfunclet$??6?$basic_ostream@DU?$char_traits@D@std@@@std@@QAEAAV01@H@Z$3 1004e318 f   serverplugin_empty.obj
 0001:0004d320       __ehhandler$??6?$basic_ostream@DU?$char_traits@D@std@@@std@@QAEAAV01@H@Z 1004e320 f   serverplugin_empty.obj
 0001:0004d340       __unwindfunclet$??6?$basic_ostream@DU?$char_traits@D@std@@@std@@QAEAAV01@M@Z$2 1004e340 f   serverplugin_empty.obj
 0001:0004d348       __unwindfunclet$??6?$basic_ostream@DU?$char_traits@D@std@@@std@@QAEAAV01@M@Z$3 1004e348 f   serverplugin_empty.obj
 0001:0004d350       __ehhandler$??6?$basic_ostream@DU?$char_traits@D@std@@@std@@QAEAAV01@M@Z 1004e350 f   serverplugin_empty.obj
 0001:0004d370       __unwindfunclet$?FireGameEvent@WhoFragsServerPlugin@@UAEXPAVKeyValues@@@Z$0 1004e370 f   serverplugin_empty.obj
 0001:0004d37b       __unwindfunclet$?FireGameEvent@WhoFragsServerPlugin@@UAEXPAVKeyValues@@@Z$1 1004e37b f   serverplugin_empty.obj
 0001:0004d386       __unwindfunclet$?FireGameEvent@WhoFragsServerPlugin@@UAEXPAVKeyValues@@@Z$3 1004e386 f   serverplugin_empty.obj
 0001:0004d38e       __ehhandler$?FireGameEvent@WhoFragsServerPlugin@@UAEXPAVKeyValues@@@Z 1004e38e f   serverplugin_empty.obj
 0001:0004d3b0       __unwindfunclet$??1ConVar@@UAE@XZ$0 1004e3b0 f   tier1:convar.obj
 0001:0004d3b8       __ehhandler$??1ConVar@@UAE@XZ 1004e3b8 f   tier1:convar.obj
 0001:0004d3e0       __unwindfunclet$??0ConCommand@@QAE@PBDP6AXXZ0HP6AH0QAY0EA@D@Z@Z$0 1004e3e0 f   tier1:convar.obj
 0001:0004d3e8       __ehhandler$??0ConCommand@@QAE@PBDP6AXXZ0HP6AH0QAY0EA@D@Z@Z 1004e3e8 f   tier1:convar.obj
 0001:0004d410       __unwindfunclet$??0ConVar@@QAE@PBD0H@Z$0 1004e410 f   tier1:convar.obj
 0001:0004d418       __ehhandler$??0ConVar@@QAE@PBD0H@Z 1004e418 f   tier1:convar.obj
 0001:0004d440       __unwindfunclet$??0ConVar@@QAE@PBD0H0@Z$0 1004e440 f   tier1:convar.obj
 0001:0004d448       __ehhandler$??0ConVar@@QAE@PBD0H0@Z 1004e448 f   tier1:convar.obj
 0001:0004d470       __unwindfunclet$??0ConVar@@QAE@PBD0H0_NM1M@Z$0 1004e470 f   tier1:convar.obj
 0001:0004d478       __ehhandler$??0ConVar@@QAE@PBD0H0_NM1M@Z 1004e478 f   tier1:convar.obj
 0001:0004d4a0       __unwindfunclet$??0ConVar@@QAE@PBD0H0P6AXPAV0@0@Z@Z$0 1004e4a0 f   tier1:convar.obj
 0001:0004d4a8       __ehhandler$??0ConVar@@QAE@PBD0H0P6AXPAV0@0@Z@Z 1004e4a8 f   tier1:convar.obj
 0001:0004d4d0       __unwindfunclet$??0ConVar@@QAE@PBD0H0_NM1MP6AXPAV0@0@Z@Z$0 1004e4d0 f   tier1:convar.obj
 0001:0004d4d8       __ehhandler$??0ConVar@@QAE@PBD0H0_NM1MP6AXPAV0@0@Z@Z 1004e4d8 f   tier1:convar.obj
 0001:0004d500       __unwindfunclet$?LoadFromFile@KeyValues@@QAE_NPAVIBaseFileSystem@@PBD1@Z$0 1004e500 f   tier1:KeyValues.obj
 0001:0004d508       __ehhandler$?LoadFromFile@KeyValues@@QAE_NPAVIBaseFileSystem@@PBD1@Z 1004e508 f   tier1:KeyValues.obj
 0001:0004d530       __unwindfunclet$?FindKey@KeyValues@@QAEPAV1@PBD_N@Z$0 1004e530 f   tier1:KeyValues.obj
 0001:0004d53e       __ehhandler$?FindKey@KeyValues@@QAEPAV1@PBD_N@Z 1004e53e f   tier1:KeyValues.obj
 0001:0004d570       __unwindfunclet$?RecursiveCopyKeyValues@KeyValues@@AAEXAAV1@@Z$0 1004e570 f   tier1:KeyValues.obj
 0001:0004d57e       __unwindfunclet$?RecursiveCopyKeyValues@KeyValues@@AAEXAAV1@@Z$1 1004e57e f   tier1:KeyValues.obj
 0001:0004d58c       __ehhandler$?RecursiveCopyKeyValues@KeyValues@@AAEXAAV1@@Z 1004e58c f   tier1:KeyValues.obj
 0001:0004d5c0       __unwindfunclet$?MakeCopy@KeyValues@@QBEPAV1@XZ$0 1004e5c0 f   tier1:KeyValues.obj
 0001:0004d5cb       __ehhandler$?MakeCopy@KeyValues@@QBEPAV1@XZ 1004e5cb f   tier1:KeyValues.obj
 0001:0004d5f0       __unwindfunclet$?CreateKey@KeyValues@@AAEPAV1@PBD@Z$0 1004e5f0 f   tier1:KeyValues.obj
 0001:0004d5fb       __ehhandler$?CreateKey@KeyValues@@AAEPAV1@PBD@Z 1004e5fb f   tier1:KeyValues.obj
 0001:0004d620       __unwindfunclet$?RecursiveLoadFromBuffer@KeyValues@@AAEXPBDAAVCUtlBuffer@@@Z$0 1004e620 f   tier1:KeyValues.obj
 0001:0004d628       __unwindfunclet$?RecursiveLoadFromBuffer@KeyValues@@AAEXPBDAAVCUtlBuffer@@@Z$1 1004e628 f   tier1:KeyValues.obj
 0001:0004d630       __ehhandler$?RecursiveLoadFromBuffer@KeyValues@@AAEXPBDAAVCUtlBuffer@@@Z 1004e630 f   tier1:KeyValues.obj
 0001:0004d650       __unwindfunclet$?ReadAsBinary@KeyValues@@QAE_NAAVCUtlBuffer@@@Z$0 1004e650 f   tier1:KeyValues.obj
 0001:0004d65e       __unwindfunclet$?ReadAsBinary@KeyValues@@QAE_NAAVCUtlBuffer@@@Z$1 1004e65e f   tier1:KeyValues.obj
 0001:0004d66c       __ehhandler$?ReadAsBinary@KeyValues@@QAE_NAAVCUtlBuffer@@@Z 1004e66c f   tier1:KeyValues.obj
 0001:0004d6a0       __unwindfunclet$??1?$CUtlVector@PAVKeyValues@@V?$CUtlMemory@PAVKeyValues@@@@@@QAE@XZ$0 1004e6a0 f   tier1:KeyValues.obj
 0001:0004d6a8       __ehhandler$??1?$CUtlVector@PAVKeyValues@@V?$CUtlMemory@PAVKeyValues@@@@@@QAE@XZ 1004e6a8 f   tier1:KeyValues.obj
 0001:0004d6d0       __unwindfunclet$?ParseIncludedKeys@KeyValues@@AAEXPBD0PAVIBaseFileSystem@@0AAV?$CUtlVector@PAVKeyValues@@V?$CUtlMemory@PAVKeyValues@@@@@@@Z$0 1004e6d0 f   tier1:KeyValues.obj
 0001:0004d6de       __ehhandler$?ParseIncludedKeys@KeyValues@@AAEXPBD0PAVIBaseFileSystem@@0AAV?$CUtlVector@PAVKeyValues@@V?$CUtlMemory@PAVKeyValues@@@@@@@Z 1004e6de f   tier1:KeyValues.obj
 0001:0004d710       __unwindfunclet$?LoadFromBuffer@KeyValues@@QAE_NPBDAAVCUtlBuffer@@PAVIBaseFileSystem@@0@Z$0 1004e710 f   tier1:KeyValues.obj
 0001:0004d718       __unwindfunclet$?LoadFromBuffer@KeyValues@@QAE_NPBDAAVCUtlBuffer@@PAVIBaseFileSystem@@0@Z$1 1004e718 f   tier1:KeyValues.obj
 0001:0004d723       __ehhandler$?LoadFromBuffer@KeyValues@@QAE_NPBDAAVCUtlBuffer@@PAVIBaseFileSystem@@0@Z 1004e723 f   tier1:KeyValues.obj
 0001:0004d740       __unwindfunclet$?LoadFromBuffer@KeyValues@@QAE_NPBD0PAVIBaseFileSystem@@0@Z$0 1004e740 f   tier1:KeyValues.obj
 0001:0004d748       __ehhandler$?LoadFromBuffer@KeyValues@@QAE_NPBD0PAVIBaseFileSystem@@0@Z 1004e748 f   tier1:KeyValues.obj
 0001:0004d770       __unwindfunclet$??0CUtlBuffer@@QAE@HHH@Z$0 1004e770 f   tier1:utlbuffer.obj
 0001:0004d778       __ehhandler$??0CUtlBuffer@@QAE@HHH@Z 1004e778 f   tier1:utlbuffer.obj
 0001:0004d7a0       __unwindfunclet$??0CUtlBuffer@@QAE@PBXHH@Z$0 1004e7a0 f   tier1:utlbuffer.obj
 0001:0004d7a8       __ehhandler$??0CUtlBuffer@@QAE@PBXHH@Z 1004e7a8 f   tier1:utlbuffer.obj
 0001:0004d7c3       __ehhandler$?CallUnexpected@@YAXPBU_s_ESTypeList@@@Z 1004e7c3 f   LIBCMT:frame.obj
 0001:0004d7de       __unwindfunclet$?_Locimp_dtor@_Locimp@locale@std@@CAXPAV123@@Z$0 1004e7de f   libcpmt:locale0.obj
 0001:0004d7e6       __ehhandler$?_Locimp_dtor@_Locimp@locale@std@@CAXPAV123@@Z 1004e7e6 f   libcpmt:locale0.obj
 0001:0004d801       __unwindfunclet$??0_Locimp@locale@std@@AAE@_N@Z$0 1004e801 f   libcpmt:locale0.obj
 0001:0004d809       __ehhandler$??0_Locimp@locale@std@@AAE@_N@Z 1004e809 f   libcpmt:locale0.obj
 0001:0004d824       __unwindfunclet$??1_Locimp@locale@std@@MAE@XZ$0 1004e824 f   libcpmt:locale0.obj
 0001:0004d82c       __unwindfunclet$??1_Locimp@locale@std@@MAE@XZ$1 1004e82c f   libcpmt:locale0.obj
 0001:0004d837       __ehhandler$??1_Locimp@locale@std@@MAE@XZ 1004e837 f   libcpmt:locale0.obj
 0001:0004d852       __unwindfunclet$?_Init@locale@std@@CAPAV_Locimp@12@XZ$0 1004e852 f   libcpmt:locale0.obj
 0001:0004d85a       __unwindfunclet$?_Init@locale@std@@CAPAV_Locimp@12@XZ$1 1004e85a f   libcpmt:locale0.obj
 0001:0004d864       __ehhandler$?_Init@locale@std@@CAPAV_Locimp@12@XZ 1004e864 f   libcpmt:locale0.obj
 0001:0004d87f       __unwindfunclet$?empty@locale@std@@SA?AV12@XZ$0 1004e87f f   libcpmt:locale0.obj
 0001:0004d889       __ehhandler$?empty@locale@std@@SA?AV12@XZ 1004e889 f   libcpmt:locale0.obj
 0001:0004d8a4       __unwindfunclet$??0logic_error@std@@QAE@ABV?$basic_string@DU?$char_traits@D@std@@V?$allocator@D@2@@1@@Z$0 1004e8a4 f   libcpmt:string.obj
 0001:0004d8ac       __ehhandler$??0logic_error@std@@QAE@ABV?$basic_string@DU?$char_traits@D@std@@V?$allocator@D@2@@1@@Z 1004e8ac f   libcpmt:string.obj
 0001:0004d8c7       __unwindfunclet$?_Xlen@_String_base@std@@SAXXZ$0 1004e8c7 f   libcpmt:string.obj
 0001:0004d8cf       __ehhandler$?_Xlen@_String_base@std@@SAXXZ 1004e8cf f   libcpmt:string.obj
 0001:0004d8ea       __unwindfunclet$?_Xran@_String_base@std@@SAXXZ$0 1004e8ea f   libcpmt:string.obj
 0001:0004d8f2       __ehhandler$?_Xran@_String_base@std@@SAXXZ 1004e8f2 f   libcpmt:string.obj
 0001:0004d90d       __unwindfunclet$?_Xinvarg@_String_base@std@@SAXXZ$0 1004e90d f   libcpmt:string.obj
 0001:0004d915       __ehhandler$?_Xinvarg@_String_base@std@@SAXXZ 1004e915 f   libcpmt:string.obj
 0001:0004d930       __unwindfunclet$??0logic_error@std@@QAE@ABV01@@Z$0 1004e930 f   libcpmt:string.obj
 0001:0004d938       __ehhandler$??0logic_error@std@@QAE@ABV01@@Z 1004e938 f   libcpmt:string.obj
 0001:0004d960       ??__Ebot_forcefireweapon@@YAXXZ 1004e960 f   serverplugin_bot.obj
 0001:0004d990       ??__Ebot_forceattack2@@YAXXZ 1004e990 f   serverplugin_bot.obj
 0001:0004d9c0       ??__Ebot_forceattackon@@YAXXZ 1004e9c0 f   serverplugin_bot.obj
 0001:0004d9f0       ??__Ebot_flipout@@YAXXZ    1004e9f0 f   serverplugin_bot.obj
 0001:0004da20       ??__Ebot_changeclass@@YAXXZ 1004ea20 f   serverplugin_bot.obj
 0001:0004da50       ??__Ebot_mimic@@YAXXZ      1004ea50 f   serverplugin_bot.obj
 0001:0004da80       ??__Ebot_mimic_yaw_offset@@YAXXZ 1004ea80 f   serverplugin_bot.obj
 0001:0004dab0       ??__Ebot_sendcmd@@YAXXZ    1004eab0 f   serverplugin_bot.obj
 0001:0004dae0       ??__Ebot_crouch@@YAXXZ     1004eae0 f   serverplugin_bot.obj
 0001:0004db10       ??__Es_Bots@@YAXXZ         1004eb10 f   serverplugin_bot.obj
 0001:0004db20       ??__Ecc_Bot@@YAXXZ         1004eb20 f   serverplugin_bot.obj
 0001:0004db50       ??__Eg_EmtpyServerPlugin@@YAXXZ 1004eb50 f   serverplugin_empty.obj
 0001:0004db60       ??__E__g_CreateWhoFragsServerPluginIServerPluginCallbacks_reg@@YAXXZ 1004eb60 f   serverplugin_empty.obj
 0001:0004db80       ??__Ewf_version_command@@YAXXZ 1004eb80 f   serverplugin_empty.obj
 0001:0004dbb0       ??__Eempty_log_command@@YAXXZ 1004ebb0 f   serverplugin_empty.obj
 0001:0004dbe0       ??__Eempty_cvar@@YAXXZ     1004ebe0 f   serverplugin_empty.obj
 0001:0004dc10       ??__Es_StringCharConversion@@YAXXZ 1004ec10 f   tier1:utlbuffer.obj
 0001:0004dc70       ??__Es_NoEscConversion@@YAXXZ 1004ec70 f   tier1:utlbuffer.obj
 0001:0004dc93       ??__Einitlocks@std@@YAXXZ  1004ec93 f   libcpmt:xlock.obj
 0001:0004dca9       ??__Eclassic_locale@std@@YAXXZ 1004eca9 f   libcpmt:locale0.obj
 0001:0004dcb5       ??__Einitlocks@std@@YAXXZ  1004ecb5 f   libcpmt:iosptrs.obj
 0001:0004dccb       ??__Einit_atexit@@YAXXZ    1004eccb f   libcpmt:iosptrs.obj
 0001:0004dce0       ??__Fbot_forcefireweapon@@YAXXZ 1004ece0 f   serverplugin_bot.obj
 0001:0004dcf0       ??__Fbot_forceattack2@@YAXXZ 1004ecf0 f   serverplugin_bot.obj
 0001:0004dd00       ??__Fbot_forceattackon@@YAXXZ 1004ed00 f   serverplugin_bot.obj
 0001:0004dd10       ??__Fbot_flipout@@YAXXZ    1004ed10 f   serverplugin_bot.obj
 0001:0004dd20       ??__Fbot_changeclass@@YAXXZ 1004ed20 f   serverplugin_bot.obj
 0001:0004dd30       ??__Fbot_mimic@@YAXXZ      1004ed30 f   serverplugin_bot.obj
 0001:0004dd40       ??__Fbot_mimic_yaw_offset@@YAXXZ 1004ed40 f   serverplugin_bot.obj
 0001:0004dd50       ??__Fbot_sendcmd@@YAXXZ    1004ed50 f   serverplugin_bot.obj
 0001:0004dd60       ??__Fbot_crouch@@YAXXZ     1004ed60 f   serverplugin_bot.obj
 0001:0004dd70       ??__Fcc_Bot@@YAXXZ         1004ed70 f   serverplugin_bot.obj
 0001:0004dd80       ??__Fs_Bots@@YAXXZ         1004ed80 f   serverplugin_bot.obj
 0001:0004dd90       ??__Fwf_version_command@@YAXXZ 1004ed90 f   serverplugin_empty.obj
 0001:0004dda0       ??__Fempty_log_command@@YAXXZ 1004eda0 f   serverplugin_empty.obj
 0001:0004ddb0       ??__Fempty_cvar@@YAXXZ     1004edb0 f   serverplugin_empty.obj
 0001:0004ddc0       ??__Fg_EmtpyServerPlugin@@YAXXZ 1004edc0 f   serverplugin_empty.obj
 0001:0004ddd5       ??__Finitlocks@std@@YAXXZ  1004edd5 f   libcpmt:xlock.obj
 0001:0004dddf       ??__Fclassic_locale@std@@YAXXZ 1004eddf f   libcpmt:locale0.obj
 0001:0004dde9       ??__Finitlocks@std@@YAXXZ  1004ede9 f   libcpmt:iosptrs.obj
 0001:0004ddf3       ??__Finit_atexit@@YAXXZ    1004edf3 f   libcpmt:iosptrs.obj
